#
# There is insufficient memory for the Java Runtime Environment to continue.
# Native memory allocation (malloc) failed to allocate 333456 bytes. Error detail: Chunk::new
# Possible reasons:
#   The system is out of physical RAM or swap space
#   This process is running with CompressedOops enabled, and the Java Heap may be blocking the growth of the native heap
# Possible solutions:
#   Reduce memory load on the system
#   Increase physical memory or swap space
#   Check if swap backing store is full
#   Decrease Java heap size (-Xmx/-Xms)
#   Decrease number of Java threads
#   Decrease Java thread stack sizes (-Xss)
#   Set larger code cache with -XX:ReservedCodeCacheSize=
#   JVM is running with Unscaled Compressed Oops mode in which the Java heap is
#     placed in the first 4GB address space. The Java Heap base address is the
#     maximum limit for the native heap growth. Please use -XX:HeapBaseMinAddress
#     to set the Java Heap base and to place the Java Heap above 4GB virtual address.
# This output file may be truncated or incomplete.
#
#  Out of Memory Error (arena.cpp:168), pid=9560, tid=3372
#
# JRE version: OpenJDK Runtime Environment Temurin-21.0.9+10 (21.0.9+10) (build 21.0.9+10-LTS)
# Java VM: OpenJDK 64-Bit Server VM Temurin-21.0.9+10 (21.0.9+10-LTS, mixed mode, sharing, tiered, compressed oops, compressed class ptrs, parallel gc, windows-amd64)
# No core dump will be written. Minidumps are not enabled by default on client versions of Windows
#

---------------  S U M M A R Y ------------

Command Line: --add-modules=ALL-SYSTEM --add-opens=java.base/java.util=ALL-UNNAMED --add-opens=java.base/java.lang=ALL-UNNAMED --add-opens=java.base/sun.nio.fs=ALL-UNNAMED -Declipse.application=org.eclipse.jdt.ls.core.id1 -Dosgi.bundles.defaultStartLevel=4 -Declipse.product=org.eclipse.jdt.ls.core.product -Djava.import.generatesMetadataFilesAtProjectRoot=false -DDetectVMInstallationsJob.disabled=true -Dfile.encoding=utf8 -XX:+UseParallelGC -XX:GCTimeRatio=4 -XX:AdaptiveSizePolicyWeight=90 -Dsun.zip.disableMemoryMapping=true -Xmx2G -Xms100m -Xlog:disable -javaagent:c:\Users\ASUS\.antigravity\extensions\redhat.java-1.51.0-win32-x64\lombok\lombok-1.18.39-4050.jar c:\Users\ASUS\.antigravity\extensions\redhat.java-1.51.0-win32-x64\server\plugins\org.eclipse.equinox.launcher_1.7.100.v20251111-0406.jar -configuration c:\Users\ASUS\AppData\Roaming\Antigravity\User\globalStorage\redhat.java\1.51.0\config_ss_win -data c:\Users\ASUS\AppData\Roaming\Antigravity\User\workspaceStorage\4bec86e7be69f773e0503a9090ada9ce\redhat.java\ss_ws --pipe=\\.\pipe\lsp-a55f4ac8068e69c54a17c3a71b4cc4f8-sock

Host: AMD Ryzen 5 4600H with Radeon Graphics         , 12 cores, 7G,  Windows 11 , 64 bit Build 26100 (10.0.26100.7623)
Time: Wed Jan 28 21:20:38 2026 India Standard Time elapsed time: 34.846146 seconds (0d 0h 0m 34s)

---------------  T H R E A D  ---------------

Current thread (0x0000029069464de0):  JavaThread "C2 CompilerThread0" daemon [_thread_in_native, id=3372, stack(0x000000e4b2500000,0x000000e4b2600000) (1024K)]


Current CompileTask:
C2:34846 2414       4       jdk.internal.org.objectweb.asm.Frame::execute (2305 bytes)

Stack: [0x000000e4b2500000,0x000000e4b2600000]
Native frames: (J=compiled Java code, j=interpreted, Vv=VM code, C=native code)
V  [jvm.dll+0x6d6e29]
V  [jvm.dll+0x8b4b76]
V  [jvm.dll+0x8b712e]
V  [jvm.dll+0x8b7813]
V  [jvm.dll+0x283d86]
V  [jvm.dll+0xc66ed]
V  [jvm.dll+0xc6c31]
V  [jvm.dll+0x3be501]
V  [jvm.dll+0x38ab92]
V  [jvm.dll+0x389fda]
V  [jvm.dll+0x24bfa0]
V  [jvm.dll+0x24b580]
V  [jvm.dll+0x1cb13e]
V  [jvm.dll+0x25b29d]
V  [jvm.dll+0x25982a]
V  [jvm.dll+0x3f7ea6]
V  [jvm.dll+0x85e9ad]
V  [jvm.dll+0x6d565d]
C  [ucrtbase.dll+0x37b0]
C  [KERNEL32.DLL+0x2e8d7]
C  [ntdll.dll+0x8c53c]


---------------  P R O C E S S  ---------------

Threads class SMR info:
_java_thread_list=0x00000290432d4ea0, length=18, elements={
0x00000290693b1d80, 0x000002906935dd90, 0x0000029069451440, 0x0000029069456db0,
0x0000029069458d60, 0x0000029069459930, 0x000002906945c090, 0x0000029069464de0,
0x000002904215c760, 0x000002906945b370, 0x000002906945cdb0, 0x000002906945ba00,
0x0000029069459fc0, 0x000002906945ace0, 0x000002906945a650, 0x000002906945c720,
0x000002904374f310, 0x000002904374e570
}

Java Threads: ( => current thread )
  0x00000290693b1d80 JavaThread "main"                              [_thread_blocked, id=20404, stack(0x000000e4b1b00000,0x000000e4b1c00000) (1024K)]
  0x000002906935dd90 JavaThread "Reference Handler"          daemon [_thread_blocked, id=16912, stack(0x000000e4b1f00000,0x000000e4b2000000) (1024K)]
  0x0000029069451440 JavaThread "Finalizer"                  daemon [_thread_blocked, id=20996, stack(0x000000e4b2000000,0x000000e4b2100000) (1024K)]
  0x0000029069456db0 JavaThread "Signal Dispatcher"          daemon [_thread_blocked, id=31656, stack(0x000000e4b2100000,0x000000e4b2200000) (1024K)]
  0x0000029069458d60 JavaThread "Attach Listener"            daemon [_thread_blocked, id=3160, stack(0x000000e4b2200000,0x000000e4b2300000) (1024K)]
  0x0000029069459930 JavaThread "Service Thread"             daemon [_thread_blocked, id=32932, stack(0x000000e4b2300000,0x000000e4b2400000) (1024K)]
  0x000002906945c090 JavaThread "Monitor Deflation Thread"   daemon [_thread_blocked, id=23848, stack(0x000000e4b2400000,0x000000e4b2500000) (1024K)]
=>0x0000029069464de0 JavaThread "C2 CompilerThread0"         daemon [_thread_in_native, id=3372, stack(0x000000e4b2500000,0x000000e4b2600000) (1024K)]
  0x000002904215c760 JavaThread "C1 CompilerThread0"         daemon [_thread_blocked, id=17960, stack(0x000000e4b2600000,0x000000e4b2700000) (1024K)]
  0x000002906945b370 JavaThread "Common-Cleaner"             daemon [_thread_blocked, id=27904, stack(0x000000e4b2700000,0x000000e4b2800000) (1024K)]
  0x000002906945cdb0 JavaThread "Notification Thread"        daemon [_thread_blocked, id=5528, stack(0x000000e4b2800000,0x000000e4b2900000) (1024K)]
  0x000002906945ba00 JavaThread "Active Thread: Equinox Container: 5b358a69-20bf-43a2-9fd5-560335f15a75"        [_thread_blocked, id=25972, stack(0x000000e4b2a00000,0x000000e4b2b00000) (1024K)]
  0x0000029069459fc0 JavaThread "Framework Event Dispatcher: Equinox Container: 5b358a69-20bf-43a2-9fd5-560335f15a75" daemon [_thread_blocked, id=29588, stack(0x000000e4b2900000,0x000000e4b2a00000) (1024K)]
  0x000002906945ace0 JavaThread "Start Level: Equinox Container: 5b358a69-20bf-43a2-9fd5-560335f15a75" daemon [_thread_in_native, id=6104, stack(0x000000e4b3100000,0x000000e4b3200000) (1024K)]
  0x000002906945a650 JavaThread "SCR Component Actor"        daemon [_thread_blocked, id=32444, stack(0x000000e4b3300000,0x000000e4b3400000) (1024K)]
  0x000002906945c720 JavaThread "Worker-JM"                         [_thread_blocked, id=37180, stack(0x000000e4b3400000,0x000000e4b3500000) (1024K)]
  0x000002904374f310 JavaThread "C2 CompilerThread1"         daemon [_thread_blocked, id=38304, stack(0x000000e4b3700000,0x000000e4b3800000) (1024K)]
  0x000002904374e570 JavaThread "C2 CompilerThread2"         daemon [_thread_blocked, id=4812, stack(0x000000e4b3800000,0x000000e4b3900000) (1024K)]
Total: 18

Other Threads:
  0x0000029042140090 VMThread "VM Thread"                           [id=42048, stack(0x000000e4b1e00000,0x000000e4b1f00000) (1024K)]
  0x000002906923ca00 WatcherThread "VM Periodic Task Thread"        [id=37452, stack(0x000000e4b1d00000,0x000000e4b1e00000) (1024K)]
  0x00000290693d2390 WorkerThread "GC Thread#0"                     [id=28484, stack(0x000000e4b1c00000,0x000000e4b1d00000) (1024K)]
  0x0000029048251740 WorkerThread "GC Thread#1"                     [id=21908, stack(0x000000e4b2b00000,0x000000e4b2c00000) (1024K)]
  0x000002904823e8b0 WorkerThread "GC Thread#2"                     [id=28700, stack(0x000000e4b2c00000,0x000000e4b2d00000) (1024K)]
  0x000002904823ec50 WorkerThread "GC Thread#3"                     [id=26880, stack(0x000000e4b2d00000,0x000000e4b2e00000) (1024K)]
  0x000002904823eff0 WorkerThread "GC Thread#4"                     [id=15716, stack(0x000000e4b2e00000,0x000000e4b2f00000) (1024K)]
  0x000002904823f390 WorkerThread "GC Thread#5"                     [id=38804, stack(0x000000e4b2f00000,0x000000e4b3000000) (1024K)]
  0x000002904823f730 WorkerThread "GC Thread#6"                     [id=22420, stack(0x000000e4b3000000,0x000000e4b3100000) (1024K)]
  0x000002904246cd60 WorkerThread "GC Thread#7"                     [id=27456, stack(0x000000e4b3200000,0x000000e4b3300000) (1024K)]
  0x0000029042297df0 WorkerThread "GC Thread#8"                     [id=12276, stack(0x000000e4b3500000,0x000000e4b3600000) (1024K)]
  0x000002904228c1f0 WorkerThread "GC Thread#9"                     [id=18532, stack(0x000000e4b3600000,0x000000e4b3700000) (1024K)]
Total: 12

Threads with active compile tasks:
C2 CompilerThread0  34871 2414       4       jdk.internal.org.objectweb.asm.Frame::execute (2305 bytes)
Total: 1

VM state: not at safepoint (normal execution)

VM Mutex/Monitor currently owned by a thread: None

Heap address: 0x0000000080000000, size: 2048 MB, Compressed Oops mode: 32-bit

CDS archive(s) mapped at: [0x0000029000000000-0x0000029000ba0000-0x0000029000ba0000), size 12189696, SharedBaseAddress: 0x0000029000000000, ArchiveRelocationMode: 1.
Compressed class space mapped at: 0x0000029001000000-0x0000029041000000, reserved size: 1073741824
Narrow klass base: 0x0000029000000000, Narrow klass shift: 0, Narrow klass range: 0x100000000

GC Precious Log:
 CardTable entry size: 512
 CPUs: 12 total, 12 available
 Memory: 7598M
 Large Page Support: Disabled
 NUMA Support: Disabled
 Compressed Oops: Enabled (32-bit)
 Alignments: Space 512K, Generation 512K, Heap 2M
 Heap Min Capacity: 100M
 Heap Initial Capacity: 100M
 Heap Max Capacity: 2G
 Pre-touch: Disabled
 Parallel Workers: 10

Heap:
 PSYoungGen      total 29696K, used 13387K [0x00000000d5580000, 0x00000000d7680000, 0x0000000100000000)
  eden space 25600K, 36% used [0x00000000d5580000,0x00000000d5e96ed0,0x00000000d6e80000)
  from space 4096K, 99% used [0x00000000d6e80000,0x00000000d727bf10,0x00000000d7280000)
  to   space 4096K, 0% used [0x00000000d7280000,0x00000000d7280000,0x00000000d7680000)
 ParOldGen       total 68608K, used 2851K [0x0000000080000000, 0x0000000084300000, 0x00000000d5580000)
  object space 68608K, 4% used [0x0000000080000000,0x00000000802c8fe0,0x0000000084300000)
 Metaspace       used 14114K, committed 14592K, reserved 1114112K
  class space    used 1489K, committed 1728K, reserved 1048576K

Card table byte_map: [0x0000029068d50000,0x0000029069160000] _byte_map_base: 0x0000029068950000

Marking Bits: (ParMarkBitMap*) 0x00007ffb79cc2460
 Begin Bits: [0x000002907b860000, 0x000002907d860000)
 End Bits:   [0x000002907d860000, 0x000002907f860000)

Polling page: 0x00000290671f0000

Metaspace:

Usage:
  Non-class:     12.33 MB used.
      Class:      1.45 MB used.
       Both:     13.78 MB used.

Virtual space:
  Non-class space:       64.00 MB reserved,      12.56 MB ( 20%) committed,  1 nodes.
      Class space:        1.00 GB reserved,       1.69 MB ( <1%) committed,  1 nodes.
             Both:        1.06 GB reserved,      14.25 MB (  1%) committed. 

Chunk freelists:
   Non-Class:  2.50 MB
       Class:  14.33 MB
        Both:  16.83 MB

MaxMetaspaceSize: unlimited
CompressedClassSpaceSize: 1.00 GB
Initial GC threshold: 21.00 MB
Current GC threshold: 21.00 MB
CDS: on
 - commit_granule_bytes: 65536.
 - commit_granule_words: 8192.
 - virtual_space_node_default_size: 8388608.
 - enlarge_chunks_in_place: 1.
 - use_allocation_guard: 0.


Internal statistics:

num_allocs_failed_limit: 0.
num_arena_births: 412.
num_arena_deaths: 0.
num_vsnodes_births: 2.
num_vsnodes_deaths: 0.
num_space_committed: 228.
num_space_uncommitted: 0.
num_chunks_returned_to_freelist: 0.
num_chunks_taken_from_freelist: 905.
num_chunk_merges: 0.
num_chunk_splits: 570.
num_chunks_enlarged: 358.
num_inconsistent_stats: 0.

CodeHeap 'non-profiled nmethods': size=120000Kb used=1006Kb max_used=1006Kb free=118993Kb
 bounds [0x0000029074080000, 0x00000290742f0000, 0x000002907b5b0000]
CodeHeap 'profiled nmethods': size=120000Kb used=4670Kb max_used=4670Kb free=115329Kb
 bounds [0x000002906c5b0000, 0x000002906ca40000, 0x0000029073ae0000]
CodeHeap 'non-nmethods': size=5760Kb used=1260Kb max_used=1276Kb free=4499Kb
 bounds [0x0000029073ae0000, 0x0000029073d50000, 0x0000029074080000]
CodeCache: size=245760Kb, used=6936Kb, max_used=6952Kb, free=238821Kb
 total_blobs=2989, nmethods=2457, adapters=438, full_count=0
Compilation: enabled, stopped_count=0, restarted_count=0

Compilation events (20 events):
Event: 33.395 Thread 0x000002904215c760 2441       3       org.eclipse.core.internal.resources.ResourceInfo::setBits (41 bytes)
Event: 33.395 Thread 0x000002904215c760 nmethod 2441 0x000002906ca3c810 code [0x000002906ca3c9a0, 0x000002906ca3cac8]
Event: 33.395 Thread 0x000002904215c760 2444       3       org.eclipse.core.internal.dtree.AbstractDataTreeNode::<init> (34 bytes)
Event: 33.395 Thread 0x000002904374f310 nmethod 2447 0x0000029074176c90 code [0x0000029074176e20, 0x0000029074176ec8]
Event: 33.395 Thread 0x000002904374f310 2445       4       java.io.FilterInputStream::read (11 bytes)
Event: 33.395 Thread 0x000002904215c760 nmethod 2444 0x000002906ca3cb90 code [0x000002906ca3cd40, 0x000002906ca3cfa8]
Event: 33.395 Thread 0x000002904215c760 2434       3       jdk.internal.misc.Unsafe::weakCompareAndSetLong (11 bytes)
Event: 33.395 Thread 0x000002904215c760 nmethod 2434 0x000002906ca3d090 code [0x000002906ca3d220, 0x000002906ca3d348]
Event: 33.395 Thread 0x000002904215c760 2442       3       org.eclipse.core.internal.resources.SaveManager::readElement (46 bytes)
Event: 33.395 Thread 0x000002904215c760 nmethod 2442 0x000002906ca3d410 code [0x000002906ca3d660, 0x000002906ca3dde8]
Event: 33.395 Thread 0x000002904215c760 2443       3       org.eclipse.core.internal.resources.ResourceInfo::readFrom (49 bytes)
Event: 33.395 Thread 0x000002904215c760 nmethod 2443 0x000002906ca3e190 code [0x000002906ca3e380, 0x000002906ca3e808]
Event: 33.395 Thread 0x000002904374f310 nmethod 2445 0x0000029074176f90 code [0x0000029074177120, 0x0000029074177228]
Event: 33.395 Thread 0x000002904374f310 2448       4       jdk.internal.misc.Unsafe::getLongUnaligned (12 bytes)
Event: 33.396 Thread 0x000002904374f310 nmethod 2448 0x0000029074177310 code [0x00000290741774a0, 0x0000029074177558]
Event: 33.396 Thread 0x000002904374f310 2427       4       java.lang.Long::reverseBytes (46 bytes)
Event: 33.396 Thread 0x000002904374f310 nmethod 2427 0x0000029074177610 code [0x0000029074177780, 0x0000029074177838]
Event: 33.396 Thread 0x000002904374f310 2446       4       java.util.concurrent.atomic.AtomicLong::getAndIncrement (12 bytes)
Event: 33.397 Thread 0x000002904374f310 nmethod 2446 0x0000029074177910 code [0x0000029074177aa0, 0x0000029074177b30]
Event: 33.397 Thread 0x000002904374f310 2426       4       java.io.DataInputStream::readByte (6 bytes)

GC Heap History (6 events):
Event: 4.190 GC heap before
{Heap before GC invocations=1 (full 0):
 PSYoungGen      total 29696K, used 25600K [0x00000000d5580000, 0x00000000d7680000, 0x0000000100000000)
  eden space 25600K, 100% used [0x00000000d5580000,0x00000000d6e80000,0x00000000d6e80000)
  from space 4096K, 0% used [0x00000000d7280000,0x00000000d7280000,0x00000000d7680000)
  to   space 4096K, 0% used [0x00000000d6e80000,0x00000000d6e80000,0x00000000d7280000)
 ParOldGen       total 68608K, used 0K [0x0000000080000000, 0x0000000084300000, 0x00000000d5580000)
  object space 68608K, 0% used [0x0000000080000000,0x0000000080000000,0x0000000084300000)
 Metaspace       used 4341K, committed 4608K, reserved 1114112K
  class space    used 472K, committed 576K, reserved 1048576K
}
Event: 4.202 GC heap after
{Heap after GC invocations=1 (full 0):
 PSYoungGen      total 29696K, used 3303K [0x00000000d5580000, 0x00000000d7680000, 0x0000000100000000)
  eden space 25600K, 0% used [0x00000000d5580000,0x00000000d5580000,0x00000000d6e80000)
  from space 4096K, 80% used [0x00000000d6e80000,0x00000000d71b9e98,0x00000000d7280000)
  to   space 4096K, 0% used [0x00000000d7280000,0x00000000d7280000,0x00000000d7680000)
 ParOldGen       total 68608K, used 16K [0x0000000080000000, 0x0000000084300000, 0x00000000d5580000)
  object space 68608K, 0% used [0x0000000080000000,0x0000000080004000,0x0000000084300000)
 Metaspace       used 4341K, committed 4608K, reserved 1114112K
  class space    used 472K, committed 576K, reserved 1048576K
}
Event: 19.192 GC heap before
{Heap before GC invocations=2 (full 0):
 PSYoungGen      total 29696K, used 28903K [0x00000000d5580000, 0x00000000d7680000, 0x0000000100000000)
  eden space 25600K, 100% used [0x00000000d5580000,0x00000000d6e80000,0x00000000d6e80000)
  from space 4096K, 80% used [0x00000000d6e80000,0x00000000d71b9e98,0x00000000d7280000)
  to   space 4096K, 0% used [0x00000000d7280000,0x00000000d7280000,0x00000000d7680000)
 ParOldGen       total 68608K, used 16K [0x0000000080000000, 0x0000000084300000, 0x00000000d5580000)
  object space 68608K, 0% used [0x0000000080000000,0x0000000080004000,0x0000000084300000)
 Metaspace       used 8171K, committed 8448K, reserved 1114112K
  class space    used 869K, committed 1024K, reserved 1048576K
}
Event: 19.198 GC heap after
{Heap after GC invocations=2 (full 0):
 PSYoungGen      total 29696K, used 4086K [0x00000000d5580000, 0x00000000d7680000, 0x0000000100000000)
  eden space 25600K, 0% used [0x00000000d5580000,0x00000000d5580000,0x00000000d6e80000)
  from space 4096K, 99% used [0x00000000d7280000,0x00000000d767d810,0x00000000d7680000)
  to   space 4096K, 0% used [0x00000000d6e80000,0x00000000d6e80000,0x00000000d7280000)
 ParOldGen       total 68608K, used 1101K [0x0000000080000000, 0x0000000084300000, 0x00000000d5580000)
  object space 68608K, 1% used [0x0000000080000000,0x00000000801136b8,0x0000000084300000)
 Metaspace       used 8171K, committed 8448K, reserved 1114112K
  class space    used 869K, committed 1024K, reserved 1048576K
}
Event: 29.163 GC heap before
{Heap before GC invocations=3 (full 0):
 PSYoungGen      total 29696K, used 29686K [0x00000000d5580000, 0x00000000d7680000, 0x0000000100000000)
  eden space 25600K, 100% used [0x00000000d5580000,0x00000000d6e80000,0x00000000d6e80000)
  from space 4096K, 99% used [0x00000000d7280000,0x00000000d767d810,0x00000000d7680000)
  to   space 4096K, 0% used [0x00000000d6e80000,0x00000000d6e80000,0x00000000d7280000)
 ParOldGen       total 68608K, used 1101K [0x0000000080000000, 0x0000000084300000, 0x00000000d5580000)
  object space 68608K, 1% used [0x0000000080000000,0x00000000801136b8,0x0000000084300000)
 Metaspace       used 13027K, committed 13568K, reserved 1114112K
  class space    used 1382K, committed 1664K, reserved 1048576K
}
Event: 29.168 GC heap after
{Heap after GC invocations=3 (full 0):
 PSYoungGen      total 29696K, used 4079K [0x00000000d5580000, 0x00000000d7680000, 0x0000000100000000)
  eden space 25600K, 0% used [0x00000000d5580000,0x00000000d5580000,0x00000000d6e80000)
  from space 4096K, 99% used [0x00000000d6e80000,0x00000000d727bf10,0x00000000d7280000)
  to   space 4096K, 0% used [0x00000000d7280000,0x00000000d7280000,0x00000000d7680000)
 ParOldGen       total 68608K, used 2851K [0x0000000080000000, 0x0000000084300000, 0x00000000d5580000)
  object space 68608K, 4% used [0x0000000080000000,0x00000000802c8fe0,0x0000000084300000)
 Metaspace       used 13027K, committed 13568K, reserved 1114112K
  class space    used 1382K, committed 1664K, reserved 1048576K
}

Dll operation events (9 events):
Event: 0.022 Loaded shared library c:\Users\ASUS\.antigravity\extensions\redhat.java-1.51.0-win32-x64\jre\21.0.9-win32-x86_64\bin\java.dll
Event: 1.590 Loaded shared library c:\Users\ASUS\.antigravity\extensions\redhat.java-1.51.0-win32-x64\jre\21.0.9-win32-x86_64\bin\zip.dll
Event: 1.644 Loaded shared library C:\Users\ASUS\.antigravity\extensions\redhat.java-1.51.0-win32-x64\jre\21.0.9-win32-x86_64\bin\instrument.dll
Event: 2.419 Loaded shared library C:\Users\ASUS\.antigravity\extensions\redhat.java-1.51.0-win32-x64\jre\21.0.9-win32-x86_64\bin\net.dll
Event: 2.718 Loaded shared library C:\Users\ASUS\.antigravity\extensions\redhat.java-1.51.0-win32-x64\jre\21.0.9-win32-x86_64\bin\nio.dll
Event: 2.726 Loaded shared library C:\Users\ASUS\.antigravity\extensions\redhat.java-1.51.0-win32-x64\jre\21.0.9-win32-x86_64\bin\zip.dll
Event: 2.800 Loaded shared library C:\Users\ASUS\.antigravity\extensions\redhat.java-1.51.0-win32-x64\jre\21.0.9-win32-x86_64\bin\jimage.dll
Event: 3.115 Loaded shared library c:\Users\ASUS\.antigravity\extensions\redhat.java-1.51.0-win32-x64\jre\21.0.9-win32-x86_64\bin\verify.dll
Event: 22.266 Loaded shared library C:\Users\ASUS\AppData\Roaming\Antigravity\User\globalStorage\redhat.java\1.51.0\config_ss_win\org.eclipse.equinox.launcher\org.eclipse.equinox.launcher.win32.win32.x86_64_1.2.1400.v20250801-0854\eclipse_11916.dll

Deoptimization events (20 events):
Event: 27.973 Thread 0x000002906945ace0 DEOPT PACKING pc=0x00000290740dbadc sp=0x000000e4b31fdd80
Event: 27.973 Thread 0x000002906945ace0 DEOPT UNPACKING pc=0x0000029073b33aa2 sp=0x000000e4b31fdd30 mode 2
Event: 27.973 Thread 0x000002906945ace0 Uncommon trap: trap_request=0xffffff45 fr.pc=0x00000290740ec8d8 relative=0x00000000000000b8
Event: 27.973 Thread 0x000002906945ace0 Uncommon trap: reason=unstable_if action=reinterpret pc=0x00000290740ec8d8 method=java.util.jar.Manifest$FastInputStream.peek()B @ 23 c2
Event: 27.973 Thread 0x000002906945ace0 DEOPT PACKING pc=0x00000290740ec8d8 sp=0x000000e4b31fde50
Event: 27.973 Thread 0x000002906945ace0 DEOPT UNPACKING pc=0x0000029073b33aa2 sp=0x000000e4b31fdde8 mode 2
Event: 29.137 Thread 0x000002906945ace0 Uncommon trap: trap_request=0xffffff45 fr.pc=0x00000290740d3450 relative=0x0000000000000f30
Event: 29.137 Thread 0x000002906945ace0 Uncommon trap: reason=unstable_if action=reinterpret pc=0x00000290740d3450 method=lombok.patcher.PatchScript.classMatches(Ljava/lang/String;Ljava/util/Collection;)Z @ 25 c2
Event: 29.137 Thread 0x000002906945ace0 DEOPT PACKING pc=0x00000290740d3450 sp=0x000000e4b31f6ba0
Event: 29.137 Thread 0x000002906945ace0 DEOPT UNPACKING pc=0x0000029073b33aa2 sp=0x000000e4b31f6b60 mode 2
Event: 29.216 Thread 0x000002906945ace0 Uncommon trap: trap_request=0xffffff45 fr.pc=0x000002907416993c relative=0x000000000000111c
Event: 29.216 Thread 0x000002906945ace0 Uncommon trap: reason=unstable_if action=reinterpret pc=0x000002907416993c method=java.util.Properties.loadConvert([CIILjava/lang/StringBuilder;)Ljava/lang/String; @ 491 c2
Event: 29.216 Thread 0x000002906945ace0 DEOPT PACKING pc=0x000002907416993c sp=0x000000e4b31f7930
Event: 29.216 Thread 0x000002906945ace0 DEOPT UNPACKING pc=0x0000029073b33aa2 sp=0x000000e4b31f7920 mode 2
Event: 29.216 Thread 0x000002906945ace0 DEOPT PACKING pc=0x000002906c6e6aa6 sp=0x000000e4b31f7910
Event: 29.216 Thread 0x000002906945ace0 DEOPT UNPACKING pc=0x0000029073b34242 sp=0x000000e4b31f6e08 mode 0
Event: 29.249 Thread 0x000002906945ace0 Uncommon trap: trap_request=0xffffff45 fr.pc=0x00000290740b8e74 relative=0x0000000000000054
Event: 29.249 Thread 0x000002906945ace0 Uncommon trap: reason=unstable_if action=reinterpret pc=0x00000290740b8e74 method=java.lang.CharacterData.of(I)Ljava/lang/CharacterData; @ 4 c2
Event: 29.249 Thread 0x000002906945ace0 DEOPT PACKING pc=0x00000290740b8e74 sp=0x000000e4b31f8ca0
Event: 29.249 Thread 0x000002906945ace0 DEOPT UNPACKING pc=0x0000029073b33aa2 sp=0x000000e4b31f8c38 mode 2

Classes loaded (20 events):
Event: 30.283 Loading class java/text/FieldPosition$Delegate
Event: 30.283 Loading class java/text/FieldPosition$Delegate done
Event: 30.284 Loading class java/text/MessageFormat$Field
Event: 30.284 Loading class java/text/MessageFormat$Field done
Event: 31.316 Loading class java/util/stream/SortedOps
Event: 31.317 Loading class java/util/stream/SortedOps done
Event: 31.317 Loading class java/util/stream/SortedOps$OfRef
Event: 31.317 Loading class java/util/stream/ReferencePipeline$StatefulOp
Event: 31.317 Loading class java/util/stream/ReferencePipeline$StatefulOp done
Event: 31.317 Loading class java/util/stream/SortedOps$OfRef done
Event: 31.317 Loading class java/util/stream/SortedOps$RefSortingSink
Event: 31.317 Loading class java/util/stream/SortedOps$AbstractRefSortingSink
Event: 31.317 Loading class java/util/stream/SortedOps$AbstractRefSortingSink done
Event: 31.317 Loading class java/util/stream/SortedOps$RefSortingSink done
Event: 33.351 Loading class java/util/zip/ZipOutputStream
Event: 33.352 Loading class java/util/zip/DeflaterOutputStream
Event: 33.352 Loading class java/util/zip/DeflaterOutputStream done
Event: 33.352 Loading class java/util/zip/ZipOutputStream done
Event: 33.354 Loading class java/util/concurrent/ExecutionException
Event: 33.354 Loading class java/util/concurrent/ExecutionException done

Classes unloaded (0 events):
No events

Classes redefined (0 events):
No events

Internal exceptions (20 events):
Event: 4.912 Thread 0x00000290693b1d80 Exception <a 'java/lang/IncompatibleClassChangeError'{0x00000000d64344a0}: Found class java.lang.Object, but interface was expected> (0x00000000d64344a0) 
thrown [s\src\hotspot\share\interpreter\linkResolver.cpp, line 840]
Event: 4.913 Thread 0x00000290693b1d80 Exception <a 'java/lang/NoSuchMethodError'{0x00000000d643aca0}: 'void java.lang.invoke.DirectMethodHandle$Holder.invokeStaticInit(java.lang.Object, java.lang.Object)'> (0x00000000d643aca0) 
thrown [s\src\hotspot\share\interpreter\linkResolver.cpp, line 773]
Event: 4.915 Thread 0x00000290693b1d80 Exception <a 'java/lang/NoSuchMethodError'{0x00000000d6443e38}: 'int java.lang.invoke.DirectMethodHandle$Holder.invokeStaticInit(java.lang.Object, java.lang.Object)'> (0x00000000d6443e38) 
thrown [s\src\hotspot\share\interpreter\linkResolver.cpp, line 773]
Event: 5.012 Thread 0x00000290693b1d80 Exception <a 'java/lang/NoSuchMethodError'{0x00000000d668a0e0}: 'java.lang.Object java.lang.invoke.DirectMethodHandle$Holder.newInvokeSpecial(java.lang.Object, int, java.lang.Object)'> (0x00000000d668a0e0) 
thrown [s\src\hotspot\share\interpreter\linkResolver.cpp, line 773]
Event: 5.096 Thread 0x00000290693b1d80 Exception <a 'java/lang/ClassNotFoundException'{0x00000000d68a11b0}: sun/net/www/protocol/plurl/Handler> (0x00000000d68a11b0) 
thrown [s\src\hotspot\share\classfile\systemDictionary.cpp, line 312]
Event: 5.096 Thread 0x00000290693b1d80 Exception <a 'java/lang/ClassNotFoundException'{0x00000000d68a2030}: sun/net/www/protocol/plurl/Handler> (0x00000000d68a2030) 
thrown [s\src\hotspot\share\classfile\systemDictionary.cpp, line 312]
Event: 18.132 Thread 0x00000290693b1d80 Exception <a 'java/lang/UnsatisfiedLinkError'{0x00000000d6cf3af8}: 'void org.eclipse.equinox.launcher.JNIBridge._update_splash()'> (0x00000000d6cf3af8) 
thrown [s\src\hotspot\share\prims\nativeLookup.cpp, line 415]
Event: 19.234 Thread 0x000002906945ace0 Exception <a 'java/lang/NullPointerException'{0x00000000d577bcc0}> (0x00000000d577bcc0) 
thrown [s\src\hotspot\share\interpreter\linkResolver.cpp, line 1372]
Event: 19.234 Thread 0x000002906945ace0 Exception <a 'java/lang/NullPointerException'{0x00000000d577bfa0}> (0x00000000d577bfa0) 
thrown [s\src\hotspot\share\interpreter\linkResolver.cpp, line 1372]
Event: 22.666 Thread 0x000002906945ace0 Exception <a 'java/lang/NoSuchMethodError'{0x00000000d60ec5e8}: 'long java.lang.invoke.DirectMethodHandle$Holder.invokeSpecial(java.lang.Object, java.lang.Object)'> (0x00000000d60ec5e8) 
thrown [s\src\hotspot\share\interpreter\linkResolver.cpp, line 773]
Event: 25.789 Thread 0x000002906945ace0 Exception <a 'java/io/FileNotFoundException'{0x00000000d62b7958}> (0x00000000d62b7958) 
thrown [s\src\hotspot\share\prims\jni.cpp, line 520]
Event: 25.901 Thread 0x000002906945ace0 Exception <a 'java/lang/NoSuchMethodError'{0x00000000d65c9b88}: 'java.lang.Object java.lang.invoke.Invokers$Holder.linkToTargetMethod(java.lang.Object, long, java.lang.Object)'> (0x00000000d65c9b88) 
thrown [s\src\hotspot\share\interpreter\linkResolver.cpp, line 773]
Event: 29.047 Thread 0x000002906945ace0 Exception <a 'java/lang/NoSuchMethodError'{0x00000000d695d8b8}: 'void java.lang.invoke.DirectMethodHandle$Holder.invokeInterface(java.lang.Object, java.lang.Object, java.lang.Object)'> (0x00000000d695d8b8) 
thrown [s\src\hotspot\share\interpreter\linkResolver.cpp, line 773]
Event: 29.090 Thread 0x000002906945ace0 Exception <a 'java/lang/NoSuchMethodError'{0x00000000d6b6ef68}: 'void java.lang.invoke.Invokers$Holder.invokeExact_MT(java.lang.Object, java.lang.Object, java.lang.Object)'> (0x00000000d6b6ef68) 
thrown [s\src\hotspot\share\interpreter\linkResolver.cpp, line 773]
Event: 29.158 Thread 0x000002906945ace0 Exception <a 'java/lang/NoSuchMethodError'{0x00000000d6e43fd8}: 'java.lang.Object java.lang.invoke.DirectMethodHandle$Holder.invokeVirtual(java.lang.Object, java.lang.Object, java.lang.Object)'> (0x00000000d6e43fd8) 
thrown [s\src\hotspot\share\interpreter\linkResolver.cpp, line 773]
Event: 29.160 Thread 0x000002906945ace0 Exception <a 'java/lang/NoSuchMethodError'{0x00000000d6e5c5c8}: 'java.lang.Object java.lang.invoke.DelegatingMethodHandle$Holder.reinvoke_L(java.lang.Object, java.lang.Object, java.lang.Object, java.lang.Object, int, int)'> (0x00000000d6e5c5c8) 
thrown [s\src\hotspot\share\interpreter\linkResolver.cpp, line 773]
Event: 29.163 Thread 0x000002906945ace0 Exception <a 'java/lang/NoSuchMethodError'{0x00000000d6e794e8}: 'java.lang.Object java.lang.invoke.DirectMethodHandle$Holder.newInvokeSpecial(java.lang.Object, java.lang.Object, java.lang.Object, java.lang.Object, java.lang.Object, java.lang.Object)'> (0x00000000d6e794e8) 
thrown [s\src\hotspot\share\interpreter\linkResolver.cpp, line 773]
Event: 29.171 Thread 0x000002906945ace0 Exception <a 'java/lang/NoSuchMethodError'{0x00000000d55a5e18}: 'void java.lang.invoke.Invokers$Holder.invokeExact_MT(java.lang.Object, java.lang.Object, java.lang.Object, java.lang.Object)'> (0x00000000d55a5e18) 
thrown [s\src\hotspot\share\interpreter\linkResolver.cpp, line 773]
Event: 31.301 Thread 0x000002906945ace0 Exception <a 'java/io/FileNotFoundException'{0x00000000d5a60490}> (0x00000000d5a60490) 
thrown [s\src\hotspot\share\prims\jni.cpp, line 520]
Event: 31.303 Thread 0x000002906945ace0 Exception <a 'java/io/FileNotFoundException'{0x00000000d5a67a10}> (0x00000000d5a67a10) 
thrown [s\src\hotspot\share\prims\jni.cpp, line 520]

ZGC Phase Switch (0 events):
No events

VM Operations (20 events):
Event: 28.947 Executing VM operation: Cleanup
Event: 28.947 Executing VM operation: Cleanup done
Event: 29.010 Executing VM operation: HandshakeAllThreads (Deoptimize)
Event: 29.010 Executing VM operation: HandshakeAllThreads (Deoptimize) done
Event: 29.163 Executing VM operation: ParallelGCFailedAllocation (Allocation Failure)
Event: 29.168 Executing VM operation: ParallelGCFailedAllocation (Allocation Failure) done
Event: 29.232 Executing VM operation: HandshakeAllThreads (Deoptimize)
Event: 29.232 Executing VM operation: HandshakeAllThreads (Deoptimize) done
Event: 29.236 Executing VM operation: HandshakeAllThreads (Deoptimize)
Event: 29.236 Executing VM operation: HandshakeAllThreads (Deoptimize) done
Event: 29.250 Executing VM operation: HandshakeAllThreads (Deoptimize)
Event: 29.250 Executing VM operation: HandshakeAllThreads (Deoptimize) done
Event: 30.252 Executing VM operation: Cleanup
Event: 30.281 Executing VM operation: Cleanup done
Event: 32.293 Executing VM operation: Cleanup
Event: 32.339 Executing VM operation: Cleanup done
Event: 33.354 Executing VM operation: Cleanup
Event: 33.354 Executing VM operation: Cleanup done
Event: 34.369 Executing VM operation: Cleanup
Event: 34.369 Executing VM operation: Cleanup done

Memory protections (0 events):
No events

Nmethod flushes (0 events):
No events

Events (20 events):
Event: 3.120 Thread 0x00000290423b4390 Thread exited: 0x00000290423b4390
Event: 3.291 Thread 0x00000290693b1d80 Thread added: 0x000002906945cdb0
Event: 3.619 Thread 0x000002904215c760 Thread added: 0x00000290431ae140
Event: 3.673 Thread 0x000002904215c760 Thread added: 0x00000290432c3430
Event: 4.263 Thread 0x00000290432c3430 Thread exited: 0x00000290432c3430
Event: 4.549 Thread 0x000002904215c760 Thread added: 0x000002904383e090
Event: 4.911 Thread 0x000002904383e090 Thread exited: 0x000002904383e090
Event: 4.938 Thread 0x00000290693b1d80 Thread added: 0x000002906945ba00
Event: 5.465 Thread 0x00000290431ae140 Thread exited: 0x00000290431ae140
Event: 18.125 Thread 0x00000290693b1d80 Thread added: 0x0000029069459fc0
Event: 18.130 Thread 0x00000290693b1d80 Thread added: 0x000002906945ace0
Event: 20.316 Thread 0x000002906945ace0 Thread added: 0x000002906945a650
Event: 22.683 Thread 0x000002904215c760 Thread added: 0x00000290424fe090
Event: 22.683 Thread 0x000002904215c760 Thread added: 0x000002904360ae50
Event: 26.921 Thread 0x000002904360ae50 Thread exited: 0x000002904360ae50
Event: 26.922 Thread 0x00000290424fe090 Thread exited: 0x00000290424fe090
Event: 29.056 Thread 0x000002906945ace0 Thread added: 0x000002906945c720
Event: 31.309 Thread 0x000002904215c760 Thread added: 0x0000029043740380
Event: 33.339 Thread 0x0000029043740380 Thread exited: 0x0000029043740380
Event: 33.394 Thread 0x000002904215c760 Thread added: 0x000002904374f310


Dynamic libraries:
0x00007ff732920000 - 0x00007ff73292e000 	c:\Users\ASUS\.antigravity\extensions\redhat.java-1.51.0-win32-x64\jre\21.0.9-win32-x86_64\bin\java.exe
0x00007ffc5bce0000 - 0x00007ffc5bf47000 	C:\WINDOWS\SYSTEM32\ntdll.dll
0x00007ffc59e10000 - 0x00007ffc59ed9000 	C:\WINDOWS\System32\KERNEL32.DLL
0x00007ffc58e60000 - 0x00007ffc5924f000 	C:\WINDOWS\System32\KERNELBASE.dll
0x00007ffc59550000 - 0x00007ffc5969b000 	C:\WINDOWS\System32\ucrtbase.dll
0x00007ffc4a360000 - 0x00007ffc4a37e000 	c:\Users\ASUS\.antigravity\extensions\redhat.java-1.51.0-win32-x64\jre\21.0.9-win32-x86_64\bin\VCRUNTIME140.dll
0x00007ffc467b0000 - 0x00007ffc467c8000 	c:\Users\ASUS\.antigravity\extensions\redhat.java-1.51.0-win32-x64\jre\21.0.9-win32-x86_64\bin\jli.dll
0x00007ffc5b000000 - 0x00007ffc5b1c5000 	C:\WINDOWS\System32\USER32.dll
0x00007ffc58e30000 - 0x00007ffc58e57000 	C:\WINDOWS\System32\win32u.dll
0x00007ffc5a640000 - 0x00007ffc5a66b000 	C:\WINDOWS\System32\GDI32.dll
0x00007ffc596a0000 - 0x00007ffc597cc000 	C:\WINDOWS\System32\gdi32full.dll
0x00007ffc599d0000 - 0x00007ffc59a73000 	C:\WINDOWS\System32\msvcp_win.dll
0x00007ffc58070000 - 0x00007ffc58303000 	C:\WINDOWS\WinSxS\amd64_microsoft.windows.common-controls_6595b64144ccf1df_6.0.26100.7309_none_3e05feeae336a044\COMCTL32.dll
0x00007ffc5adc0000 - 0x00007ffc5ae69000 	C:\WINDOWS\System32\msvcrt.dll
0x00007ffc5a7f0000 - 0x00007ffc5a821000 	C:\WINDOWS\System32\IMM32.DLL
0x00007ffc51810000 - 0x00007ffc5181c000 	c:\Users\ASUS\.antigravity\extensions\redhat.java-1.51.0-win32-x64\jre\21.0.9-win32-x86_64\bin\vcruntime140_1.dll
0x00007ffbff8a0000 - 0x00007ffbff92d000 	c:\Users\ASUS\.antigravity\extensions\redhat.java-1.51.0-win32-x64\jre\21.0.9-win32-x86_64\bin\msvcp140.dll
0x00007ffb79000000 - 0x00007ffb79da0000 	c:\Users\ASUS\.antigravity\extensions\redhat.java-1.51.0-win32-x64\jre\21.0.9-win32-x86_64\bin\server\jvm.dll
0x00007ffc59ef0000 - 0x00007ffc59fa4000 	C:\WINDOWS\System32\ADVAPI32.dll
0x00007ffc5a030000 - 0x00007ffc5a0d6000 	C:\WINDOWS\System32\sechost.dll
0x00007ffc5ae70000 - 0x00007ffc5af88000 	C:\WINDOWS\System32\RPCRT4.dll
0x00007ffc5a770000 - 0x00007ffc5a7e4000 	C:\WINDOWS\System32\WS2_32.dll
0x00007ffc58c90000 - 0x00007ffc58cee000 	C:\WINDOWS\SYSTEM32\POWRPROF.dll
0x00007ffc4deb0000 - 0x00007ffc4dee5000 	C:\WINDOWS\SYSTEM32\WINMM.dll
0x00007ffc509d0000 - 0x00007ffc509db000 	C:\WINDOWS\SYSTEM32\VERSION.dll
0x00007ffc58c70000 - 0x00007ffc58c84000 	C:\WINDOWS\SYSTEM32\UMPDC.dll
0x00007ffc572b0000 - 0x00007ffc572cb000 	C:\WINDOWS\SYSTEM32\kernel.appcore.dll
0x00007ffc467a0000 - 0x00007ffc467aa000 	c:\Users\ASUS\.antigravity\extensions\redhat.java-1.51.0-win32-x64\jre\21.0.9-win32-x86_64\bin\jimage.dll
0x00007ffc585e0000 - 0x00007ffc58822000 	C:\WINDOWS\SYSTEM32\DBGHELP.DLL
0x00007ffc59a80000 - 0x00007ffc59e06000 	C:\WINDOWS\System32\combase.dll
0x00007ffc5a670000 - 0x00007ffc5a746000 	C:\WINDOWS\System32\OLEAUT32.dll
0x00007ffc584d0000 - 0x00007ffc5850c000 	C:\WINDOWS\SYSTEM32\dbgcore.DLL
0x00007ffc59260000 - 0x00007ffc59305000 	C:\WINDOWS\System32\bcryptPrimitives.dll
0x00007ffc44a80000 - 0x00007ffc44a8f000 	c:\Users\ASUS\.antigravity\extensions\redhat.java-1.51.0-win32-x64\jre\21.0.9-win32-x86_64\bin\instrument.dll
0x00007ffc161a0000 - 0x00007ffc161c0000 	c:\Users\ASUS\.antigravity\extensions\redhat.java-1.51.0-win32-x64\jre\21.0.9-win32-x86_64\bin\java.dll
0x00007ffc5b3f0000 - 0x00007ffc5bb43000 	C:\WINDOWS\System32\SHELL32.dll
0x00007ffc59860000 - 0x00007ffc599ca000 	C:\WINDOWS\System32\wintypes.dll
0x00007ffc55f90000 - 0x00007ffc567ee000 	C:\WINDOWS\SYSTEM32\windows.storage.dll
0x00007ffc5a830000 - 0x00007ffc5a925000 	C:\WINDOWS\System32\SHCORE.dll
0x00007ffc5af90000 - 0x00007ffc5aff6000 	C:\WINDOWS\System32\shlwapi.dll
0x00007ffc58d50000 - 0x00007ffc58d79000 	C:\WINDOWS\SYSTEM32\profapi.dll
0x00007ffc159d0000 - 0x00007ffc159e8000 	c:\Users\ASUS\.antigravity\extensions\redhat.java-1.51.0-win32-x64\jre\21.0.9-win32-x86_64\bin\zip.dll
0x00007ffc3e0b0000 - 0x00007ffc3e0c0000 	C:\Users\ASUS\.antigravity\extensions\redhat.java-1.51.0-win32-x64\jre\21.0.9-win32-x86_64\bin\net.dll
0x00007ffc50800000 - 0x00007ffc50928000 	C:\WINDOWS\SYSTEM32\WINHTTP.dll
0x00007ffc57820000 - 0x00007ffc5788b000 	C:\WINDOWS\system32\mswsock.dll
0x00007ffc15ce0000 - 0x00007ffc15cf6000 	C:\Users\ASUS\.antigravity\extensions\redhat.java-1.51.0-win32-x64\jre\21.0.9-win32-x86_64\bin\nio.dll
0x00007ffc3da60000 - 0x00007ffc3da70000 	c:\Users\ASUS\.antigravity\extensions\redhat.java-1.51.0-win32-x64\jre\21.0.9-win32-x86_64\bin\verify.dll
0x00007ffc03ba0000 - 0x00007ffc03be4000 	C:\Users\ASUS\AppData\Roaming\Antigravity\User\globalStorage\redhat.java\1.51.0\config_ss_win\org.eclipse.equinox.launcher\org.eclipse.equinox.launcher.win32.win32.x86_64_1.2.1400.v20250801-0854\eclipse_11916.dll
0x00007ffc5a3e0000 - 0x00007ffc5a577000 	C:\WINDOWS\System32\ole32.dll

JVMTI agents:
c:\Users\ASUS\.antigravity\extensions\redhat.java-1.51.0-win32-x64\lombok\lombok-1.18.39-4050.jar path:c:\Users\ASUS\.antigravity\extensions\redhat.java-1.51.0-win32-x64\jre\21.0.9-win32-x86_64\bin\instrument.dll, loaded, initialized, instrumentlib options:none

dbghelp: loaded successfully - version: 4.0.5 - missing functions: none
symbol engine: initialized successfully - sym options: 0x614 - pdb path: .;c:\Users\ASUS\.antigravity\extensions\redhat.java-1.51.0-win32-x64\jre\21.0.9-win32-x86_64\bin;C:\WINDOWS\SYSTEM32;C:\WINDOWS\WinSxS\amd64_microsoft.windows.common-controls_6595b64144ccf1df_6.0.26100.7309_none_3e05feeae336a044;c:\Users\ASUS\.antigravity\extensions\redhat.java-1.51.0-win32-x64\jre\21.0.9-win32-x86_64\bin\server;C:\Users\ASUS\AppData\Roaming\Antigravity\User\globalStorage\redhat.java\1.51.0\config_ss_win\org.eclipse.equinox.launcher\org.eclipse.equinox.launcher.win32.win32.x86_64_1.2.1400.v20250801-0854

VM Arguments:
jvm_args: --add-modules=ALL-SYSTEM --add-opens=java.base/java.util=ALL-UNNAMED --add-opens=java.base/java.lang=ALL-UNNAMED --add-opens=java.base/sun.nio.fs=ALL-UNNAMED -Declipse.application=org.eclipse.jdt.ls.core.id1 -Dosgi.bundles.defaultStartLevel=4 -Declipse.product=org.eclipse.jdt.ls.core.product -Djava.import.generatesMetadataFilesAtProjectRoot=false -DDetectVMInstallationsJob.disabled=true -Dfile.encoding=utf8 -XX:+UseParallelGC -XX:GCTimeRatio=4 -XX:AdaptiveSizePolicyWeight=90 -Dsun.zip.disableMemoryMapping=true -Xmx2G -Xms100m -Xlog:disable -javaagent:c:\Users\ASUS\.antigravity\extensions\redhat.java-1.51.0-win32-x64\lombok\lombok-1.18.39-4050.jar 
java_command: c:\Users\ASUS\.antigravity\extensions\redhat.java-1.51.0-win32-x64\server\plugins\org.eclipse.equinox.launcher_1.7.100.v20251111-0406.jar -configuration c:\Users\ASUS\AppData\Roaming\Antigravity\User\globalStorage\redhat.java\1.51.0\config_ss_win -data c:\Users\ASUS\AppData\Roaming\Antigravity\User\workspaceStorage\4bec86e7be69f773e0503a9090ada9ce\redhat.java\ss_ws --pipe=\\.\pipe\lsp-a55f4ac8068e69c54a17c3a71b4cc4f8-sock
java_class_path (initial): c:\Users\ASUS\.antigravity\extensions\redhat.java-1.51.0-win32-x64\server\plugins\org.eclipse.equinox.launcher_1.7.100.v20251111-0406.jar
Launcher Type: SUN_STANDARD

[Global flags]
    uintx AdaptiveSizePolicyWeight                 = 90                                        {product} {command line}
     intx CICompilerCount                          = 4                                         {product} {ergonomic}
    uintx GCTimeRatio                              = 4                                         {product} {command line}
   size_t InitialHeapSize                          = 104857600                                 {product} {command line}
   size_t MaxHeapSize                              = 2147483648                                {product} {command line}
   size_t MaxNewSize                               = 715653120                                 {product} {ergonomic}
   size_t MinHeapDeltaBytes                        = 524288                                    {product} {ergonomic}
   size_t MinHeapSize                              = 104857600                                 {product} {command line}
   size_t NewSize                                  = 34603008                                  {product} {ergonomic}
    uintx NonNMethodCodeHeapSize                   = 5839372                                {pd product} {ergonomic}
    uintx NonProfiledCodeHeapSize                  = 122909434                              {pd product} {ergonomic}
   size_t OldSize                                  = 70254592                                  {product} {ergonomic}
    uintx ProfiledCodeHeapSize                     = 122909434                              {pd product} {ergonomic}
    uintx ReservedCodeCacheSize                    = 251658240                              {pd product} {ergonomic}
     bool SegmentedCodeCache                       = true                                      {product} {ergonomic}
   size_t SoftMaxHeapSize                          = 2147483648                             {manageable} {ergonomic}
     bool UseCompressedOops                        = true                           {product lp64_product} {ergonomic}
     bool UseLargePagesIndividualAllocation        = false                                  {pd product} {ergonomic}
     bool UseParallelGC                            = true                                      {product} {command line}

Logging:
Log output configuration:
 #0: stdout all=off uptime,level,tags foldmultilines=false
 #1: stderr all=off uptime,level,tags foldmultilines=false

Release file:
JAVA_VERSION="21.0.9" 
MODULES="java.base java.compiler java.datatransfer java.xml java.prefs java.desktop java.instrument java.logging java.management java.security.sasl java.naming java.rmi java.management.rmi java.net.http java.scripting java.security.jgss java.transaction.xa java.sql java.sql.rowset java.xml.crypto java.se java.smartcardio jdk.accessibility jdk.internal.jvmstat jdk.attach jdk.charsets jdk.internal.opt jdk.zipfs jdk.compiler jdk.crypto.ec jdk.crypto.cryptoki jdk.crypto.mscapi jdk.dynalink jdk.internal.ed jdk.editpad jdk.hotspot.agent jdk.httpserver jdk.internal.le jdk.internal.vm.ci jdk.internal.vm.compiler jdk.internal.vm.compiler.management jdk.jartool jdk.javadoc jdk.jcmd jdk.management jdk.management.agent jdk.jconsole jdk.jdeps jdk.jdwp.agent jdk.jdi jdk.jfr jdk.jshell jdk.jsobject jdk.jstatd jdk.localedata jdk.management.jfr jdk.naming.dns jdk.naming.rmi jdk.net jdk.nio.mapmode jdk.random jdk.sctp jdk.security.auth jdk.security.jgss jdk.unsupported jdk.unsupported.desktop jdk.xml.dom" 

Environment Variables:
JAVA_HOME=C:\Program Files\Java\jdk-21
PATH=C:\Program Files\Common Files\Oracle\Java\javapath;C:\ffmpeg\bin;C:\Program Files (x86)\Common Files\Oracle\Java\javapath;C:\app\ASUS\product\18.0.0\dbhomeXE\bin;C:\Windows\system32;C:\Windows;C:\Windows\System32\Wbem;C:\Windows\System32\WindowsPowerShell\v1.0\;C:\Windows\System32\OpenSSH\;C:\Program Files (x86)\NVIDIA Corporation\PhysX\Common;C:\Program Files\NVIDIA Corporation\NVIDIA NvDLISR;C:\WINDOWS\system32;C:\WINDOWS;C:\WINDOWS\System32\Wbem;C:\WINDOWS\System32\WindowsPowerShell\v1.0\;C:\WINDOWS\System32\OpenSSH\;C:\Program Files (x86)\Microsoft SQL Server\160\Tools\Binn\;C:\Program Files\Microsoft SQL Server\160\Tools\Binn\;C:\Program Files\Microsoft SQL Server\Client SDK\ODBC\170\Tools\Binn\;C:\Program Files\Microsoft SQL Server\160\DTS\Binn\;C:\Program Files\Git\cmd;C:\Program Files\TortoiseGit\bin;C:\MinGW\bin;C:\Program Files\Java\jdk1.8.0_301\bin;C:\Program Files\Java\jre1.8.0_301\bin;C:\Program Files\nodejs\;C:\ProgramData\chocolatey\bin;C:\Program Files\MongoDB\Server\7.0\bin;;C:\Program Files\Docker\Docker\resources\bin;C:\Program Files\MySQL\MySQL Shell 8.0\bin\;C:\Users\ASUS\AppData\Local\Microsoft\WindowsApps;C:\Users\ASUS\AppData\Local\GitHubDesktop\bin;C:\Users\ASUS\AppData\Local\Programs\Microsoft VS Code\bin;C:\ffmpeg\bin;C:\Users\ASUS\AppData\Roaming\npm;C:\Program Files\MongoDB\Server\7.0\bin;C:\Users\ASUS\AppData\Local\Programs\mongosh\;C:\ProgramData\ASUS\GitHubDesktop\bin;C:\Program Files\Java\jdk-17\bin;C:\Users\ASUS\AppData\Local\Programs\Antigravity\bin
USERNAME=ASUS
OS=Windows_NT
PROCESSOR_IDENTIFIER=AMD64 Family 23 Model 96 Stepping 1, AuthenticAMD
TMP=C:\Users\ASUS\AppData\Local\Temp
TEMP=C:\Users\ASUS\AppData\Local\Temp




Periodic native trim disabled

---------------  S Y S T E M  ---------------

OS:
 Windows 11 , 64 bit Build 26100 (10.0.26100.7623)
OS uptime: 5 days 10:53 hours
Hyper-V role detected

CPU: total 12 (initial active 12) (12 cores per cpu, 2 threads per core) family 23 model 96 stepping 1 microcode 0x8600106, cx8, cmov, fxsr, ht, mmx, 3dnowpref, sse, sse2, sse3, ssse3, sse4a, sse4.1, sse4.2, popcnt, lzcnt, tsc, tscinvbit, avx, avx2, aes, clmul, bmi1, bmi2, adx, sha, fma, vzeroupper, clflush, clflushopt, hv, rdtscp, rdpid, f16c
Processor Information for the first 12 processors :
  Max Mhz: 3001, Current Mhz: 3001, Mhz Limit: 3001

Memory: 4k page, system-wide physical 7598M (938M free)
TotalPageFile size 31150M (AvailPageFile size 190M)
current process WorkingSet (physical memory assigned to process): 108M, peak: 108M
current process commit charge ("private bytes"): 256M, peak: 257M

vm_info: OpenJDK 64-Bit Server VM (21.0.9+10-LTS) for windows-amd64 JRE (21.0.9+10-LTS), built on 2025-10-21T00:00:00Z by "admin" with unknown MS VC++:1942

END.
