#
# There is insufficient memory for the Java Runtime Environment to continue.
# Native memory allocation (malloc) failed to allocate 32744 bytes. Error detail: Chunk::new
# Possible reasons:
#   The system is out of physical RAM or swap space
#   This process is running with CompressedOops enabled, and the Java Heap may be blocking the growth of the native heap
# Possible solutions:
#   Reduce memory load on the system
#   Increase physical memory or swap space
#   Check if swap backing store is full
#   Decrease Java heap size (-Xmx/-Xms)
#   Decrease number of Java threads
#   Decrease Java thread stack sizes (-Xss)
#   Set larger code cache with -XX:ReservedCodeCacheSize=
#   JVM is running with Unscaled Compressed Oops mode in which the Java heap is
#     placed in the first 4GB address space. The Java Heap base address is the
#     maximum limit for the native heap growth. Please use -XX:HeapBaseMinAddress
#     to set the Java Heap base and to place the Java Heap above 4GB virtual address.
# This output file may be truncated or incomplete.
#
#  Out of Memory Error (arena.cpp:168), pid=2228, tid=39328
#
# JRE version: OpenJDK Runtime Environment Temurin-21.0.9+10 (21.0.9+10) (build 21.0.9+10-LTS)
# Java VM: OpenJDK 64-Bit Server VM Temurin-21.0.9+10 (21.0.9+10-LTS, mixed mode, sharing, tiered, compressed oops, compressed class ptrs, parallel gc, windows-amd64)
# No core dump will be written. Minidumps are not enabled by default on client versions of Windows
#

---------------  S U M M A R Y ------------

Command Line: --add-modules=ALL-SYSTEM --add-opens=java.base/java.util=ALL-UNNAMED --add-opens=java.base/java.lang=ALL-UNNAMED --add-opens=java.base/sun.nio.fs=ALL-UNNAMED -Declipse.application=org.eclipse.jdt.ls.core.id1 -Dosgi.bundles.defaultStartLevel=4 -Declipse.product=org.eclipse.jdt.ls.core.product -Djava.import.generatesMetadataFilesAtProjectRoot=false -DDetectVMInstallationsJob.disabled=true -Dfile.encoding=utf8 -XX:+UseParallelGC -XX:GCTimeRatio=4 -XX:AdaptiveSizePolicyWeight=90 -Dsun.zip.disableMemoryMapping=true -Xmx2G -Xms100m -Xlog:disable -javaagent:c:\Users\ASUS\.antigravity\extensions\redhat.java-1.51.0-win32-x64\lombok\lombok-1.18.39-4050.jar -XX:+HeapDumpOnOutOfMemoryError -XX:HeapDumpPath=c:\Users\ASUS\AppData\Roaming\Antigravity\User\workspaceStorage\4bec86e7be69f773e0503a9090ada9ce\redhat.java -Daether.dependencyCollector.impl=bf c:\Users\ASUS\.antigravity\extensions\redhat.java-1.51.0-win32-x64\server\plugins\org.eclipse.equinox.launcher_1.7.100.v20251111-0406.jar -configuration c:\Users\ASUS\AppData\Roaming\Antigravity\User\globalStorage\redhat.java\1.51.0\config_win -data c:\Users\ASUS\AppData\Roaming\Antigravity\User\workspaceStorage\4bec86e7be69f773e0503a9090ada9ce\redhat.java\jdt_ws --pipe=\\.\pipe\lsp-ccc91781f4f1a62c24bdbd3bd11cc5d0-sock

Host: AMD Ryzen 5 4600H with Radeon Graphics         , 12 cores, 7G,  Windows 11 , 64 bit Build 26100 (10.0.26100.7623)
Time: Wed Jan 28 21:20:35 2026 India Standard Time elapsed time: 30.637650 seconds (0d 0h 0m 30s)

---------------  T H R E A D  ---------------

Current thread (0x0000023e2e4ae0c0):  JavaThread "C2 CompilerThread0" daemon [_thread_in_native, id=39328, stack(0x0000006421100000,0x0000006421200000) (1024K)]


Current CompileTask:
C2:30637 2117   !   4       java.lang.String::<init> (890 bytes)

Stack: [0x0000006421100000,0x0000006421200000]
Native frames: (J=compiled Java code, j=interpreted, Vv=VM code, C=native code)
V  [jvm.dll+0x6d6e29]
V  [jvm.dll+0x8b4b76]
V  [jvm.dll+0x8b712e]
V  [jvm.dll+0x8b7813]
V  [jvm.dll+0x283d86]
V  [jvm.dll+0xc66ed]
V  [jvm.dll+0xc6c31]
V  [jvm.dll+0xc6815]
V  [jvm.dll+0x72cebc]
V  [jvm.dll+0x6086f7]
V  [jvm.dll+0x5edbca]
V  [jvm.dll+0x5efe89]
V  [jvm.dll+0x5fa80f]
V  [jvm.dll+0x5f33d5]
V  [jvm.dll+0x5f7aeb]
V  [jvm.dll+0x5f721d]
V  [jvm.dll+0x5f7100]
V  [jvm.dll+0x5f7280]
V  [jvm.dll+0x5fe602]
V  [jvm.dll+0x255557]
V  [jvm.dll+0x24dc5f]
V  [jvm.dll+0x24b482]
V  [jvm.dll+0x1cb13e]
V  [jvm.dll+0x25b29d]
V  [jvm.dll+0x25982a]
V  [jvm.dll+0x3f7ea6]
V  [jvm.dll+0x85e9ad]
V  [jvm.dll+0x6d565d]
C  [ucrtbase.dll+0x37b0]
C  [KERNEL32.DLL+0x2e8d7]
C  [ntdll.dll+0x8c53c]


---------------  P R O C E S S  ---------------

Threads class SMR info:
_java_thread_list=0x0000023e8814a930, length=15, elements={
0x0000023e2c02abe0, 0x0000023e2e3ae2a0, 0x0000023e2e4a33c0, 0x0000023e2e4a5e70,
0x0000023e2e4a89d0, 0x0000023e2e4ab430, 0x0000023e2e4abe80, 0x0000023e2e4ae0c0,
0x0000023e871863e0, 0x0000023e872b8860, 0x0000023e874760c0, 0x0000023e887591f0,
0x0000023e874bcb40, 0x0000023e881bc540, 0x0000023e874b55f0
}

Java Threads: ( => current thread )
  0x0000023e2c02abe0 JavaThread "main"                              [_thread_blocked, id=40512, stack(0x0000006420700000,0x0000006420800000) (1024K)]
  0x0000023e2e3ae2a0 JavaThread "Reference Handler"          daemon [_thread_blocked, id=16088, stack(0x0000006420b00000,0x0000006420c00000) (1024K)]
  0x0000023e2e4a33c0 JavaThread "Finalizer"                  daemon [_thread_blocked, id=16500, stack(0x0000006420c00000,0x0000006420d00000) (1024K)]
  0x0000023e2e4a5e70 JavaThread "Signal Dispatcher"          daemon [_thread_blocked, id=9552, stack(0x0000006420d00000,0x0000006420e00000) (1024K)]
  0x0000023e2e4a89d0 JavaThread "Attach Listener"            daemon [_thread_blocked, id=17288, stack(0x0000006420e00000,0x0000006420f00000) (1024K)]
  0x0000023e2e4ab430 JavaThread "Service Thread"             daemon [_thread_blocked, id=15788, stack(0x0000006420f00000,0x0000006421000000) (1024K)]
  0x0000023e2e4abe80 JavaThread "Monitor Deflation Thread"   daemon [_thread_blocked, id=25544, stack(0x0000006421000000,0x0000006421100000) (1024K)]
=>0x0000023e2e4ae0c0 JavaThread "C2 CompilerThread0"         daemon [_thread_in_native, id=39328, stack(0x0000006421100000,0x0000006421200000) (1024K)]
  0x0000023e871863e0 JavaThread "C1 CompilerThread0"         daemon [_thread_blocked, id=23600, stack(0x0000006421200000,0x0000006421300000) (1024K)]
  0x0000023e872b8860 JavaThread "Common-Cleaner"             daemon [_thread_blocked, id=26388, stack(0x0000006421300000,0x0000006421400000) (1024K)]
  0x0000023e874760c0 JavaThread "Notification Thread"        daemon [_thread_blocked, id=12612, stack(0x0000006421400000,0x0000006421500000) (1024K)]
  0x0000023e887591f0 JavaThread "Active Thread: Equinox Container: 735550de-6f85-47b9-90ff-66b1c85fe948"        [_thread_blocked, id=20068, stack(0x0000006421d00000,0x0000006421e00000) (1024K)]
  0x0000023e874bcb40 JavaThread "Refresh Thread: Equinox Container: 735550de-6f85-47b9-90ff-66b1c85fe948" daemon [_thread_blocked, id=22572, stack(0x0000006421c00000,0x0000006421d00000) (1024K)]
  0x0000023e881bc540 JavaThread "Framework Event Dispatcher: Equinox Container: 735550de-6f85-47b9-90ff-66b1c85fe948" daemon [_thread_blocked, id=9320, stack(0x0000006421e00000,0x0000006421f00000) (1024K)]
  0x0000023e874b55f0 JavaThread "Start Level: Equinox Container: 735550de-6f85-47b9-90ff-66b1c85fe948" daemon [_thread_in_native, id=828, stack(0x0000006421f00000,0x0000006422000000) (1024K)]
Total: 15

Other Threads:
  0x0000023e2e4a1a60 VMThread "VM Thread"                           [id=20744, stack(0x0000006420a00000,0x0000006420b00000) (1024K)]
  0x0000023e2e28ca00 WatcherThread "VM Periodic Task Thread"        [id=1256, stack(0x0000006420900000,0x0000006420a00000) (1024K)]
  0x0000023e2e41f150 WorkerThread "GC Thread#0"                     [id=41504, stack(0x0000006420800000,0x0000006420900000) (1024K)]
  0x0000023e884df410 WorkerThread "GC Thread#1"                     [id=16000, stack(0x0000006421600000,0x0000006421700000) (1024K)]
  0x0000023e88543840 WorkerThread "GC Thread#2"                     [id=20260, stack(0x0000006421700000,0x0000006421800000) (1024K)]
  0x0000023e88233b50 WorkerThread "GC Thread#3"                     [id=4776, stack(0x0000006421800000,0x0000006421900000) (1024K)]
  0x0000023e88233ef0 WorkerThread "GC Thread#4"                     [id=24192, stack(0x0000006421900000,0x0000006421a00000) (1024K)]
  0x0000023e8875d9e0 WorkerThread "GC Thread#5"                     [id=12064, stack(0x0000006421a00000,0x0000006421b00000) (1024K)]
  0x0000023e8875dd80 WorkerThread "GC Thread#6"                     [id=2796, stack(0x0000006421b00000,0x0000006421c00000) (1024K)]
  0x0000023e8878d540 WorkerThread "GC Thread#7"                     [id=34828, stack(0x0000006421500000,0x0000006421600000) (1024K)]
Total: 10

Threads with active compile tasks:
C2 CompilerThread0  33695 2117   !   4       java.lang.String::<init> (890 bytes)
Total: 1

VM state: not at safepoint (normal execution)

VM Mutex/Monitor currently owned by a thread: None

Heap address: 0x0000000080000000, size: 2048 MB, Compressed Oops mode: 32-bit

CDS archive(s) mapped at: [0x0000023e45000000-0x0000023e45ba0000-0x0000023e45ba0000), size 12189696, SharedBaseAddress: 0x0000023e45000000, ArchiveRelocationMode: 1.
Compressed class space mapped at: 0x0000023e46000000-0x0000023e86000000, reserved size: 1073741824
Narrow klass base: 0x0000023e45000000, Narrow klass shift: 0, Narrow klass range: 0x100000000

GC Precious Log:
 CardTable entry size: 512
 CPUs: 12 total, 12 available
 Memory: 7598M
 Large Page Support: Disabled
 NUMA Support: Disabled
 Compressed Oops: Enabled (32-bit)
 Alignments: Space 512K, Generation 512K, Heap 2M
 Heap Min Capacity: 100M
 Heap Initial Capacity: 100M
 Heap Max Capacity: 2G
 Pre-touch: Disabled
 Parallel Workers: 10

Heap:
 PSYoungGen      total 29696K, used 26944K [0x00000000d5580000, 0x00000000d7680000, 0x0000000100000000)
  eden space 25600K, 89% used [0x00000000d5580000,0x00000000d6bd69e8,0x00000000d6e80000)
  from space 4096K, 99% used [0x00000000d7280000,0x00000000d7679820,0x00000000d7680000)
  to   space 4096K, 0% used [0x00000000d6e80000,0x00000000d6e80000,0x00000000d7280000)
 ParOldGen       total 68608K, used 1993K [0x0000000080000000, 0x0000000084300000, 0x00000000d5580000)
  object space 68608K, 2% used [0x0000000080000000,0x00000000801f25e0,0x0000000084300000)
 Metaspace       used 9396K, committed 9792K, reserved 1114112K
  class space    used 1006K, committed 1152K, reserved 1048576K

Card table byte_map: [0x0000023e2dda0000,0x0000023e2e1b0000] _byte_map_base: 0x0000023e2d9a0000

Marking Bits: (ParMarkBitMap*) 0x00007ffb79cc2460
 Begin Bits: [0x0000023e408b0000, 0x0000023e428b0000)
 End Bits:   [0x0000023e428b0000, 0x0000023e448b0000)

Polling page: 0x0000023e2c200000

Metaspace:

Usage:
  Non-class:      8.19 MB used.
      Class:   1006.56 KB used.
       Both:      9.18 MB used.

Virtual space:
  Non-class space:       64.00 MB reserved,       8.44 MB ( 13%) committed,  1 nodes.
      Class space:        1.00 GB reserved,       1.12 MB ( <1%) committed,  1 nodes.
             Both:        1.06 GB reserved,       9.56 MB ( <1%) committed. 

Chunk freelists:
   Non-Class:  6.86 MB
       Class:  14.78 MB
        Both:  21.64 MB

MaxMetaspaceSize: unlimited
CompressedClassSpaceSize: 1.00 GB
Initial GC threshold: 21.00 MB
Current GC threshold: 21.00 MB
CDS: on
 - commit_granule_bytes: 65536.
 - commit_granule_words: 8192.
 - virtual_space_node_default_size: 8388608.
 - enlarge_chunks_in_place: 1.
 - use_allocation_guard: 0.


Internal statistics:

num_allocs_failed_limit: 0.
num_arena_births: 258.
num_arena_deaths: 0.
num_vsnodes_births: 2.
num_vsnodes_deaths: 0.
num_space_committed: 153.
num_space_uncommitted: 0.
num_chunks_returned_to_freelist: 0.
num_chunks_taken_from_freelist: 515.
num_chunk_merges: 0.
num_chunk_splits: 322.
num_chunks_enlarged: 212.
num_inconsistent_stats: 0.

CodeHeap 'non-profiled nmethods': size=120000Kb used=947Kb max_used=947Kb free=119052Kb
 bounds [0x0000023e390d0000, 0x0000023e39340000, 0x0000023e40600000]
CodeHeap 'profiled nmethods': size=120000Kb used=3894Kb max_used=3894Kb free=116105Kb
 bounds [0x0000023e31600000, 0x0000023e319d0000, 0x0000023e38b30000]
CodeHeap 'non-nmethods': size=5760Kb used=1222Kb max_used=1260Kb free=4537Kb
 bounds [0x0000023e38b30000, 0x0000023e38da0000, 0x0000023e390d0000]
CodeCache: size=245760Kb, used=6063Kb, max_used=6101Kb, free=239694Kb
 total_blobs=2628, nmethods=2137, adapters=398, full_count=0
Compilation: enabled, stopped_count=0, restarted_count=0

Compilation events (20 events):
Event: 28.598 Thread 0x0000023e871863e0 nmethod 2118 0x0000023e319bda10 code [0x0000023e319bdc00, 0x0000023e319be0b0]
Event: 28.598 Thread 0x0000023e871863e0 2119       3       org.eclipse.osgi.framework.util.CaseInsensitiveDictionaryMap$EntryIterator::next (5 bytes)
Event: 28.598 Thread 0x0000023e871863e0 nmethod 2119 0x0000023e319be310 code [0x0000023e319be4e0, 0x0000023e319be960]
Event: 28.598 Thread 0x0000023e871863e0 2120       3       org.eclipse.osgi.framework.util.CaseInsensitiveDictionaryMap$EntryIterator::next (20 bytes)
Event: 28.598 Thread 0x0000023e871863e0 nmethod 2120 0x0000023e319beb10 code [0x0000023e319bece0, 0x0000023e319bf108]
Event: 28.598 Thread 0x0000023e871863e0 2121       3       sun.nio.fs.NativeBuffers::getNativeBufferFromCache (51 bytes)
Event: 28.598 Thread 0x0000023e871863e0 nmethod 2121 0x0000023e319bf290 code [0x0000023e319bf480, 0x0000023e319bfb88]
Event: 28.598 Thread 0x0000023e871863e0 2122       3       sun.nio.fs.NativeBuffer::close (5 bytes)
Event: 28.599 Thread 0x0000023e871863e0 nmethod 2122 0x0000023e319bfd90 code [0x0000023e319bff40, 0x0000023e319c00e8]
Event: 28.599 Thread 0x0000023e871863e0 2123       3       sun.nio.fs.NativeBuffer::release (5 bytes)
Event: 28.599 Thread 0x0000023e871863e0 nmethod 2123 0x0000023e319c0190 code [0x0000023e319c0340, 0x0000023e319c0478]
Event: 28.603 Thread 0x0000023e871863e0 2124       3       jdk.internal.misc.Unsafe::getInt (7 bytes)
Event: 28.603 Thread 0x0000023e871863e0 nmethod 2124 0x0000023e319c0510 code [0x0000023e319c06a0, 0x0000023e319c07b8]
Event: 28.603 Thread 0x0000023e2e4ae0c0 nmethod 2115 0x0000023e391bba10 code [0x0000023e391bbbe0, 0x0000023e391bbd30]
Event: 28.603 Thread 0x0000023e2e4ae0c0 2117   !   4       java.lang.String::<init> (890 bytes)
Event: 28.606 Thread 0x0000023e871863e0 2126   !   3       org.eclipse.osgi.storage.bundlefile.CloseableBundleFile::getEntry (28 bytes)
Event: 28.606 Thread 0x0000023e871863e0 nmethod 2126 0x0000023e319c0890 code [0x0000023e319c0ae0, 0x0000023e319c1490]
Event: 28.606 Thread 0x0000023e871863e0 2127       3       org.eclipse.osgi.storage.bundlefile.ZipBundleFile::findEntry (62 bytes)
Event: 28.607 Thread 0x0000023e871863e0 nmethod 2127 0x0000023e319c1810 code [0x0000023e319c1aa0, 0x0000023e319c26a8]
Event: 28.607 Thread 0x0000023e871863e0 2128       3       org.eclipse.osgi.storage.bundlefile.ZipBundleFile::getZipEntry (87 bytes)

GC Heap History (4 events):
Event: 3.496 GC heap before
{Heap before GC invocations=1 (full 0):
 PSYoungGen      total 29696K, used 25600K [0x00000000d5580000, 0x00000000d7680000, 0x0000000100000000)
  eden space 25600K, 100% used [0x00000000d5580000,0x00000000d6e80000,0x00000000d6e80000)
  from space 4096K, 0% used [0x00000000d7280000,0x00000000d7280000,0x00000000d7680000)
  to   space 4096K, 0% used [0x00000000d6e80000,0x00000000d6e80000,0x00000000d7280000)
 ParOldGen       total 68608K, used 0K [0x0000000080000000, 0x0000000084300000, 0x00000000d5580000)
  object space 68608K, 0% used [0x0000000080000000,0x0000000080000000,0x0000000084300000)
 Metaspace       used 4343K, committed 4608K, reserved 1114112K
  class space    used 472K, committed 576K, reserved 1048576K
}
Event: 3.508 GC heap after
{Heap after GC invocations=1 (full 0):
 PSYoungGen      total 29696K, used 3287K [0x00000000d5580000, 0x00000000d7680000, 0x0000000100000000)
  eden space 25600K, 0% used [0x00000000d5580000,0x00000000d5580000,0x00000000d6e80000)
  from space 4096K, 80% used [0x00000000d6e80000,0x00000000d71b5ea8,0x00000000d7280000)
  to   space 4096K, 0% used [0x00000000d7280000,0x00000000d7280000,0x00000000d7680000)
 ParOldGen       total 68608K, used 16K [0x0000000080000000, 0x0000000084300000, 0x00000000d5580000)
  object space 68608K, 0% used [0x0000000080000000,0x0000000080004000,0x0000000084300000)
 Metaspace       used 4343K, committed 4608K, reserved 1114112K
  class space    used 472K, committed 576K, reserved 1048576K
}
Event: 10.276 GC heap before
{Heap before GC invocations=2 (full 0):
 PSYoungGen      total 29696K, used 28887K [0x00000000d5580000, 0x00000000d7680000, 0x0000000100000000)
  eden space 25600K, 100% used [0x00000000d5580000,0x00000000d6e80000,0x00000000d6e80000)
  from space 4096K, 80% used [0x00000000d6e80000,0x00000000d71b5ea8,0x00000000d7280000)
  to   space 4096K, 0% used [0x00000000d7280000,0x00000000d7280000,0x00000000d7680000)
 ParOldGen       total 68608K, used 16K [0x0000000080000000, 0x0000000084300000, 0x00000000d5580000)
  object space 68608K, 0% used [0x0000000080000000,0x0000000080004000,0x0000000084300000)
 Metaspace       used 7950K, committed 8256K, reserved 1114112K
  class space    used 827K, committed 960K, reserved 1048576K
}
Event: 10.288 GC heap after
{Heap after GC invocations=2 (full 0):
 PSYoungGen      total 29696K, used 4070K [0x00000000d5580000, 0x00000000d7680000, 0x0000000100000000)
  eden space 25600K, 0% used [0x00000000d5580000,0x00000000d5580000,0x00000000d6e80000)
  from space 4096K, 99% used [0x00000000d7280000,0x00000000d7679820,0x00000000d7680000)
  to   space 4096K, 0% used [0x00000000d6e80000,0x00000000d6e80000,0x00000000d7280000)
 ParOldGen       total 68608K, used 1993K [0x0000000080000000, 0x0000000084300000, 0x00000000d5580000)
  object space 68608K, 2% used [0x0000000080000000,0x00000000801f25e0,0x0000000084300000)
 Metaspace       used 7950K, committed 8256K, reserved 1114112K
  class space    used 827K, committed 960K, reserved 1048576K
}

Dll operation events (9 events):
Event: 0.024 Loaded shared library c:\Users\ASUS\.antigravity\extensions\redhat.java-1.51.0-win32-x64\jre\21.0.9-win32-x86_64\bin\java.dll
Event: 0.896 Loaded shared library c:\Users\ASUS\.antigravity\extensions\redhat.java-1.51.0-win32-x64\jre\21.0.9-win32-x86_64\bin\zip.dll
Event: 0.949 Loaded shared library C:\Users\ASUS\.antigravity\extensions\redhat.java-1.51.0-win32-x64\jre\21.0.9-win32-x86_64\bin\instrument.dll
Event: 1.725 Loaded shared library C:\Users\ASUS\.antigravity\extensions\redhat.java-1.51.0-win32-x64\jre\21.0.9-win32-x86_64\bin\net.dll
Event: 2.024 Loaded shared library C:\Users\ASUS\.antigravity\extensions\redhat.java-1.51.0-win32-x64\jre\21.0.9-win32-x86_64\bin\nio.dll
Event: 2.032 Loaded shared library C:\Users\ASUS\.antigravity\extensions\redhat.java-1.51.0-win32-x64\jre\21.0.9-win32-x86_64\bin\zip.dll
Event: 2.105 Loaded shared library C:\Users\ASUS\.antigravity\extensions\redhat.java-1.51.0-win32-x64\jre\21.0.9-win32-x86_64\bin\jimage.dll
Event: 2.421 Loaded shared library c:\Users\ASUS\.antigravity\extensions\redhat.java-1.51.0-win32-x64\jre\21.0.9-win32-x86_64\bin\verify.dll
Event: 21.571 Loaded shared library C:\Users\ASUS\AppData\Roaming\Antigravity\User\globalStorage\redhat.java\1.51.0\config_win\org.eclipse.equinox.launcher\org.eclipse.equinox.launcher.win32.win32.x86_64_1.2.1400.v20250801-0854\eclipse_11916.dll

Deoptimization events (20 events):
Event: 21.637 Thread 0x0000023e874b55f0 Uncommon trap: trap_request=0xffffff6e fr.pc=0x0000023e39144aa8 relative=0x0000000000000368
Event: 21.637 Thread 0x0000023e874b55f0 Uncommon trap: reason=loop_limit_check action=maybe_recompile pc=0x0000023e39144aa8 method=java.lang.StringLatin1.indexOf([BI[BII)I @ 37 c2
Event: 21.637 Thread 0x0000023e874b55f0 DEOPT PACKING pc=0x0000023e39144aa8 sp=0x0000006421ffd1a0
Event: 21.637 Thread 0x0000023e874b55f0 DEOPT UNPACKING pc=0x0000023e38b83aa2 sp=0x0000006421ffd100 mode 2
Event: 21.793 Thread 0x0000023e874b55f0 Uncommon trap: trap_request=0xffffff45 fr.pc=0x0000023e391509b4 relative=0x0000000000000094
Event: 21.793 Thread 0x0000023e874b55f0 Uncommon trap: reason=unstable_if action=reinterpret pc=0x0000023e391509b4 method=java.io.BufferedInputStream.getBufIfOpen(Z)[B @ 13 c2
Event: 21.793 Thread 0x0000023e874b55f0 DEOPT PACKING pc=0x0000023e391509b4 sp=0x0000006421ffe0b0
Event: 21.794 Thread 0x0000023e874b55f0 DEOPT UNPACKING pc=0x0000023e38b83aa2 sp=0x0000006421ffe030 mode 2
Event: 21.799 Thread 0x0000023e874b55f0 Uncommon trap: trap_request=0xffffff45 fr.pc=0x0000023e391922e8 relative=0x0000000000000da8
Event: 21.799 Thread 0x0000023e874b55f0 Uncommon trap: reason=unstable_if action=reinterpret pc=0x0000023e391922e8 method=java.lang.String.<init>(Ljava/nio/charset/Charset;[BII)V @ 6 c2
Event: 21.799 Thread 0x0000023e874b55f0 DEOPT PACKING pc=0x0000023e391922e8 sp=0x0000006421ffe050
Event: 21.799 Thread 0x0000023e874b55f0 DEOPT UNPACKING pc=0x0000023e38b83aa2 sp=0x0000006421ffe000 mode 2
Event: 22.082 Thread 0x0000023e874b55f0 Uncommon trap: trap_request=0xffffff45 fr.pc=0x0000023e3910b7f4 relative=0x0000000000000054
Event: 22.082 Thread 0x0000023e874b55f0 Uncommon trap: reason=unstable_if action=reinterpret pc=0x0000023e3910b7f4 method=java.lang.CharacterData.of(I)Ljava/lang/CharacterData; @ 4 c2
Event: 22.083 Thread 0x0000023e874b55f0 DEOPT PACKING pc=0x0000023e3910b7f4 sp=0x0000006421ffda80
Event: 22.083 Thread 0x0000023e874b55f0 DEOPT UNPACKING pc=0x0000023e38b83aa2 sp=0x0000006421ffda18 mode 2
Event: 22.090 Thread 0x0000023e874b55f0 Uncommon trap: trap_request=0xffffff45 fr.pc=0x0000023e391a70b0 relative=0x00000000000009d0
Event: 22.090 Thread 0x0000023e874b55f0 Uncommon trap: reason=unstable_if action=reinterpret pc=0x0000023e391a70b0 method=java.util.concurrent.ConcurrentHashMap.putVal(Ljava/lang/Object;Ljava/lang/Object;Z)Ljava/lang/Object; @ 148 c2
Event: 22.090 Thread 0x0000023e874b55f0 DEOPT PACKING pc=0x0000023e391a70b0 sp=0x0000006421ffe730
Event: 22.091 Thread 0x0000023e874b55f0 DEOPT UNPACKING pc=0x0000023e38b83aa2 sp=0x0000006421ffe6a0 mode 2

Classes loaded (20 events):
Event: 22.060 Loading class sun/util/logging/resources/logging_en_IN
Event: 22.060 Loading class sun/util/logging/resources/logging_en_IN done
Event: 22.063 Loading class java/util/Formatter$DateTime
Event: 22.063 Loading class java/util/Formatter$DateTime done
Event: 22.063 Loading class java/util/Formatter$FixedString
Event: 22.063 Loading class java/util/Formatter$FixedString done
Event: 22.064 Loading class java/time/ZonedDateTime$1
Event: 22.064 Loading class java/time/ZonedDateTime$1 done
Event: 22.068 Loading class jdk/internal/module/ModulePatcher$PatchedModuleReader
Event: 22.068 Loading class jdk/internal/module/ModulePatcher$PatchedModuleReader done
Event: 22.074 Loading class sun/util/resources/LocaleData$CommonResourceBundleProvider
Event: 22.074 Loading class sun/util/resources/LocaleData$LocaleDataResourceBundleProvider
Event: 22.074 Loading class java/util/spi/ResourceBundleProvider
Event: 22.074 Loading class java/util/spi/ResourceBundleProvider done
Event: 22.074 Loading class sun/util/resources/LocaleData$LocaleDataResourceBundleProvider done
Event: 22.074 Loading class sun/util/resources/LocaleData$CommonResourceBundleProvider done
Event: 22.076 Loading class sun/text/resources/cldr/FormatData_en
Event: 22.076 Loading class sun/text/resources/cldr/FormatData_en done
Event: 22.077 Loading class sun/util/resources/Bundles$2
Event: 22.077 Loading class sun/util/resources/Bundles$2 done

Classes unloaded (0 events):
No events

Classes redefined (0 events):
No events

Internal exceptions (20 events):
Event: 3.576 Thread 0x0000023e2c02abe0 Implicit null exception at 0x0000023e3912c349 to 0x0000023e3912ccb8
Event: 3.576 Thread 0x0000023e2c02abe0 Implicit null exception at 0x0000023e39138a9a to 0x0000023e39138ca0
Event: 3.576 Thread 0x0000023e2c02abe0 Exception <a 'java/lang/NoSuchMethodError'{0x00000000d56e0180}: 'void java.lang.invoke.DirectMethodHandle$Holder.invokeStatic(java.lang.Object, java.lang.Object, java.lang.Object, java.lang.Object)'> (0x00000000d56e0180) 
thrown [s\src\hotspot\share\interpreter\linkResolver.cpp, line 773]
Event: 3.577 Thread 0x0000023e2c02abe0 Implicit null exception at 0x0000023e39133f9a to 0x0000023e391341a4
Event: 3.577 Thread 0x0000023e2c02abe0 Implicit null exception at 0x0000023e3912e23d to 0x0000023e3912e2c1
Event: 3.766 Thread 0x0000023e2c02abe0 Exception <a 'java/lang/NoSuchMethodError'{0x00000000d59cba40}: 'void java.lang.invoke.DirectMethodHandle$Holder.invokeSpecial(java.lang.Object, java.lang.Object, java.lang.Object)'> (0x00000000d59cba40) 
thrown [s\src\hotspot\share\interpreter\linkResolver.cpp, line 773]
Event: 4.158 Thread 0x0000023e2c02abe0 Exception <a 'java/lang/NoSuchMethodError'{0x00000000d6446588}: 'int java.lang.invoke.DirectMethodHandle$Holder.invokeVirtual(java.lang.Object, java.lang.Object)'> (0x00000000d6446588) 
thrown [s\src\hotspot\share\interpreter\linkResolver.cpp, line 773]
Event: 4.241 Thread 0x0000023e2c02abe0 Exception <a 'java/lang/NoSuchMethodError'{0x00000000d65cf110}: 'int java.lang.invoke.DirectMethodHandle$Holder.invokeStaticInit(java.lang.Object, java.lang.Object, java.lang.Object, java.lang.Object)'> (0x00000000d65cf110) 
thrown [s\src\hotspot\share\interpreter\linkResolver.cpp, line 773]
Event: 4.243 Thread 0x0000023e2c02abe0 Exception <a 'java/lang/IncompatibleClassChangeError'{0x00000000d65d7518}: Found class java.lang.Object, but interface was expected> (0x00000000d65d7518) 
thrown [s\src\hotspot\share\interpreter\linkResolver.cpp, line 840]
Event: 4.247 Thread 0x0000023e2c02abe0 Exception <a 'java/lang/NoSuchMethodError'{0x00000000d65de3c8}: 'void java.lang.invoke.DirectMethodHandle$Holder.invokeStaticInit(java.lang.Object, java.lang.Object)'> (0x00000000d65de3c8) 
thrown [s\src\hotspot\share\interpreter\linkResolver.cpp, line 773]
Event: 4.249 Thread 0x0000023e2c02abe0 Exception <a 'java/lang/NoSuchMethodError'{0x00000000d65e8340}: 'int java.lang.invoke.DirectMethodHandle$Holder.invokeStaticInit(java.lang.Object, java.lang.Object)'> (0x00000000d65e8340) 
thrown [s\src\hotspot\share\interpreter\linkResolver.cpp, line 773]
Event: 4.357 Thread 0x0000023e2c02abe0 Exception <a 'java/lang/NoSuchMethodError'{0x00000000d6857190}: 'java.lang.Object java.lang.invoke.DirectMethodHandle$Holder.newInvokeSpecial(java.lang.Object, int, java.lang.Object)'> (0x00000000d6857190) 
thrown [s\src\hotspot\share\interpreter\linkResolver.cpp, line 773]
Event: 4.435 Thread 0x0000023e2c02abe0 Exception <a 'java/lang/ClassNotFoundException'{0x00000000d6a6dfe8}: sun/net/www/protocol/plurl/Handler> (0x00000000d6a6dfe8) 
thrown [s\src\hotspot\share\classfile\systemDictionary.cpp, line 312]
Event: 4.435 Thread 0x0000023e2c02abe0 Exception <a 'java/lang/ClassNotFoundException'{0x00000000d6a6ee68}: sun/net/www/protocol/plurl/Handler> (0x00000000d6a6ee68) 
thrown [s\src\hotspot\share\classfile\systemDictionary.cpp, line 312]
Event: 17.437 Thread 0x0000023e2c02abe0 Exception <a 'java/lang/UnsatisfiedLinkError'{0x00000000d5636920}: 'void org.eclipse.equinox.launcher.JNIBridge._update_splash()'> (0x00000000d5636920) 
thrown [s\src\hotspot\share\prims\nativeLookup.cpp, line 415]
Event: 17.479 Thread 0x0000023e874bcb40 Exception <a 'java/lang/NoSuchMethodError'{0x00000000d58e3f20}: 'void java.lang.invoke.DirectMethodHandle$Holder.invokeInterface(java.lang.Object, java.lang.Object, java.lang.Object)'> (0x00000000d58e3f20) 
thrown [s\src\hotspot\share\interpreter\linkResolver.cpp, line 773]
Event: 21.935 Thread 0x0000023e874b55f0 Exception <a 'java/lang/NoSuchMethodError'{0x00000000d5ca8d28}: 'java.lang.Object java.lang.invoke.DirectMethodHandle$Holder.newInvokeSpecial(java.lang.Object, java.lang.Object, int, java.lang.Object)'> (0x00000000d5ca8d28) 
thrown [s\src\hotspot\share\interpreter\linkResolver.cpp, line 773]
Event: 21.943 Thread 0x0000023e874b55f0 Exception <a 'java/lang/NoSuchMethodError'{0x00000000d5cacb58}: 'java.lang.Object java.lang.invoke.DirectMethodHandle$Holder.invokeSpecial(java.lang.Object, java.lang.Object, java.lang.Object, int, java.lang.Object)'> (0x00000000d5cacb58) 
thrown [s\src\hotspot\share\interpreter\linkResolver.cpp, line 773]
Event: 21.974 Thread 0x0000023e874b55f0 Exception <a 'java/lang/NoClassDefFoundError'{0x00000000d5d537b8}: jakarta/servlet/ServletContainerInitializer> (0x00000000d5d537b8) 
thrown [s\src\hotspot\share\classfile\systemDictionary.cpp, line 301]
Event: 22.057 Thread 0x0000023e874b55f0 Exception <a 'java/lang/ClassNotFoundException'{0x00000000d5ea8300}: sun/util/logging/resources/spi/loggingProvider> (0x00000000d5ea8300) 
thrown [s\src\hotspot\share\classfile\systemDictionary.cpp, line 312]

ZGC Phase Switch (0 events):
No events

VM Operations (20 events):
Event: 5.517 Executing VM operation: Cleanup
Event: 5.517 Executing VM operation: Cleanup done
Event: 10.276 Executing VM operation: ParallelGCFailedAllocation (Allocation Failure)
Event: 10.288 Executing VM operation: ParallelGCFailedAllocation (Allocation Failure) done
Event: 18.362 Executing VM operation: Cleanup
Event: 21.586 Executing VM operation: Cleanup done
Event: 22.045 Executing VM operation: HandshakeAllThreads (Deoptimize)
Event: 22.045 Executing VM operation: HandshakeAllThreads (Deoptimize) done
Event: 22.069 Executing VM operation: HandshakeAllThreads (Deoptimize)
Event: 22.069 Executing VM operation: HandshakeAllThreads (Deoptimize) done
Event: 22.084 Executing VM operation: HandshakeAllThreads (Deoptimize)
Event: 22.084 Executing VM operation: HandshakeAllThreads (Deoptimize) done
Event: 22.090 Executing VM operation: HandshakeAllThreads (Deoptimize)
Event: 22.090 Executing VM operation: HandshakeAllThreads (Deoptimize) done
Event: 23.100 Executing VM operation: Cleanup
Event: 23.100 Executing VM operation: Cleanup done
Event: 24.112 Executing VM operation: Cleanup
Event: 24.112 Executing VM operation: Cleanup done
Event: 29.175 Executing VM operation: Cleanup
Event: 29.175 Executing VM operation: Cleanup done

Memory protections (0 events):
No events

Nmethod flushes (0 events):
No events

Events (20 events):
Event: 0.168 Thread 0x0000023e2c02abe0 Thread added: 0x0000023e2e4ab430
Event: 0.168 Thread 0x0000023e2c02abe0 Thread added: 0x0000023e2e4abe80
Event: 0.168 Thread 0x0000023e2c02abe0 Thread added: 0x0000023e2e4ae0c0
Event: 0.176 Thread 0x0000023e2c02abe0 Thread added: 0x0000023e871863e0
Event: 0.954 Thread 0x0000023e2c02abe0 Thread added: 0x0000023e872b8860
Event: 2.597 Thread 0x0000023e2c02abe0 Thread added: 0x0000023e874760c0
Event: 2.925 Thread 0x0000023e871863e0 Thread added: 0x0000023e874f7220
Event: 2.987 Thread 0x0000023e871863e0 Thread added: 0x0000023e8816a630
Event: 3.251 Thread 0x0000023e8816a630 Thread exited: 0x0000023e8816a630
Event: 3.862 Thread 0x0000023e871863e0 Thread added: 0x0000023e884ea960
Event: 4.273 Thread 0x0000023e2c02abe0 Thread added: 0x0000023e887591f0
Event: 4.772 Thread 0x0000023e884ea960 Thread exited: 0x0000023e884ea960
Event: 5.012 Thread 0x0000023e874f7220 Thread exited: 0x0000023e874f7220
Event: 17.435 Thread 0x0000023e2c02abe0 Thread added: 0x0000023e874bcb40
Event: 17.481 Thread 0x0000023e874bcb40 Thread added: 0x0000023e881bc540
Event: 21.594 Thread 0x0000023e2c02abe0 Thread added: 0x0000023e874b55f0
Event: 22.097 Thread 0x0000023e871863e0 Thread added: 0x0000023e871cef20
Event: 22.097 Thread 0x0000023e871863e0 Thread added: 0x0000023e871cf5c0
Event: 23.483 Thread 0x0000023e871cf5c0 Thread exited: 0x0000023e871cf5c0
Event: 23.483 Thread 0x0000023e871cef20 Thread exited: 0x0000023e871cef20


Dynamic libraries:
0x00007ff732920000 - 0x00007ff73292e000 	c:\Users\ASUS\.antigravity\extensions\redhat.java-1.51.0-win32-x64\jre\21.0.9-win32-x86_64\bin\java.exe
0x00007ffc5bce0000 - 0x00007ffc5bf47000 	C:\WINDOWS\SYSTEM32\ntdll.dll
0x00007ffc59e10000 - 0x00007ffc59ed9000 	C:\WINDOWS\System32\KERNEL32.DLL
0x00007ffc58e60000 - 0x00007ffc5924f000 	C:\WINDOWS\System32\KERNELBASE.dll
0x00007ffc59550000 - 0x00007ffc5969b000 	C:\WINDOWS\System32\ucrtbase.dll
0x00007ffc467b0000 - 0x00007ffc467c8000 	c:\Users\ASUS\.antigravity\extensions\redhat.java-1.51.0-win32-x64\jre\21.0.9-win32-x86_64\bin\jli.dll
0x00007ffc4a360000 - 0x00007ffc4a37e000 	c:\Users\ASUS\.antigravity\extensions\redhat.java-1.51.0-win32-x64\jre\21.0.9-win32-x86_64\bin\VCRUNTIME140.dll
0x00007ffc58070000 - 0x00007ffc58303000 	C:\WINDOWS\WinSxS\amd64_microsoft.windows.common-controls_6595b64144ccf1df_6.0.26100.7309_none_3e05feeae336a044\COMCTL32.dll
0x00007ffc5b000000 - 0x00007ffc5b1c5000 	C:\WINDOWS\System32\USER32.dll
0x00007ffc58e30000 - 0x00007ffc58e57000 	C:\WINDOWS\System32\win32u.dll
0x00007ffc5a640000 - 0x00007ffc5a66b000 	C:\WINDOWS\System32\GDI32.dll
0x00007ffc596a0000 - 0x00007ffc597cc000 	C:\WINDOWS\System32\gdi32full.dll
0x00007ffc599d0000 - 0x00007ffc59a73000 	C:\WINDOWS\System32\msvcp_win.dll
0x00007ffc5adc0000 - 0x00007ffc5ae69000 	C:\WINDOWS\System32\msvcrt.dll
0x00007ffc5a7f0000 - 0x00007ffc5a821000 	C:\WINDOWS\System32\IMM32.DLL
0x00007ffc51810000 - 0x00007ffc5181c000 	c:\Users\ASUS\.antigravity\extensions\redhat.java-1.51.0-win32-x64\jre\21.0.9-win32-x86_64\bin\vcruntime140_1.dll
0x00007ffbff8a0000 - 0x00007ffbff92d000 	c:\Users\ASUS\.antigravity\extensions\redhat.java-1.51.0-win32-x64\jre\21.0.9-win32-x86_64\bin\msvcp140.dll
0x00007ffb79000000 - 0x00007ffb79da0000 	c:\Users\ASUS\.antigravity\extensions\redhat.java-1.51.0-win32-x64\jre\21.0.9-win32-x86_64\bin\server\jvm.dll
0x00007ffc59ef0000 - 0x00007ffc59fa4000 	C:\WINDOWS\System32\ADVAPI32.dll
0x00007ffc5a030000 - 0x00007ffc5a0d6000 	C:\WINDOWS\System32\sechost.dll
0x00007ffc5ae70000 - 0x00007ffc5af88000 	C:\WINDOWS\System32\RPCRT4.dll
0x00007ffc5a770000 - 0x00007ffc5a7e4000 	C:\WINDOWS\System32\WS2_32.dll
0x00007ffc509d0000 - 0x00007ffc509db000 	C:\WINDOWS\SYSTEM32\VERSION.dll
0x00007ffc58c90000 - 0x00007ffc58cee000 	C:\WINDOWS\SYSTEM32\POWRPROF.dll
0x00007ffc4deb0000 - 0x00007ffc4dee5000 	C:\WINDOWS\SYSTEM32\WINMM.dll
0x00007ffc58c70000 - 0x00007ffc58c84000 	C:\WINDOWS\SYSTEM32\UMPDC.dll
0x00007ffc572b0000 - 0x00007ffc572cb000 	C:\WINDOWS\SYSTEM32\kernel.appcore.dll
0x00007ffc467a0000 - 0x00007ffc467aa000 	c:\Users\ASUS\.antigravity\extensions\redhat.java-1.51.0-win32-x64\jre\21.0.9-win32-x86_64\bin\jimage.dll
0x00007ffc585e0000 - 0x00007ffc58822000 	C:\WINDOWS\SYSTEM32\DBGHELP.DLL
0x00007ffc59a80000 - 0x00007ffc59e06000 	C:\WINDOWS\System32\combase.dll
0x00007ffc5a670000 - 0x00007ffc5a746000 	C:\WINDOWS\System32\OLEAUT32.dll
0x00007ffc584d0000 - 0x00007ffc5850c000 	C:\WINDOWS\SYSTEM32\dbgcore.DLL
0x00007ffc59260000 - 0x00007ffc59305000 	C:\WINDOWS\System32\bcryptPrimitives.dll
0x00007ffc44a80000 - 0x00007ffc44a8f000 	c:\Users\ASUS\.antigravity\extensions\redhat.java-1.51.0-win32-x64\jre\21.0.9-win32-x86_64\bin\instrument.dll
0x00007ffc161a0000 - 0x00007ffc161c0000 	c:\Users\ASUS\.antigravity\extensions\redhat.java-1.51.0-win32-x64\jre\21.0.9-win32-x86_64\bin\java.dll
0x00007ffc5b3f0000 - 0x00007ffc5bb43000 	C:\WINDOWS\System32\SHELL32.dll
0x00007ffc59860000 - 0x00007ffc599ca000 	C:\WINDOWS\System32\wintypes.dll
0x00007ffc55f90000 - 0x00007ffc567ee000 	C:\WINDOWS\SYSTEM32\windows.storage.dll
0x00007ffc5a830000 - 0x00007ffc5a925000 	C:\WINDOWS\System32\SHCORE.dll
0x00007ffc5af90000 - 0x00007ffc5aff6000 	C:\WINDOWS\System32\shlwapi.dll
0x00007ffc58d50000 - 0x00007ffc58d79000 	C:\WINDOWS\SYSTEM32\profapi.dll
0x00007ffc159d0000 - 0x00007ffc159e8000 	c:\Users\ASUS\.antigravity\extensions\redhat.java-1.51.0-win32-x64\jre\21.0.9-win32-x86_64\bin\zip.dll
0x00007ffc3e0b0000 - 0x00007ffc3e0c0000 	C:\Users\ASUS\.antigravity\extensions\redhat.java-1.51.0-win32-x64\jre\21.0.9-win32-x86_64\bin\net.dll
0x00007ffc50800000 - 0x00007ffc50928000 	C:\WINDOWS\SYSTEM32\WINHTTP.dll
0x00007ffc57820000 - 0x00007ffc5788b000 	C:\WINDOWS\system32\mswsock.dll
0x00007ffc15ce0000 - 0x00007ffc15cf6000 	C:\Users\ASUS\.antigravity\extensions\redhat.java-1.51.0-win32-x64\jre\21.0.9-win32-x86_64\bin\nio.dll
0x00007ffc3da60000 - 0x00007ffc3da70000 	c:\Users\ASUS\.antigravity\extensions\redhat.java-1.51.0-win32-x64\jre\21.0.9-win32-x86_64\bin\verify.dll
0x00007ffc0c1c0000 - 0x00007ffc0c204000 	C:\Users\ASUS\AppData\Roaming\Antigravity\User\globalStorage\redhat.java\1.51.0\config_win\org.eclipse.equinox.launcher\org.eclipse.equinox.launcher.win32.win32.x86_64_1.2.1400.v20250801-0854\eclipse_11916.dll
0x00007ffc5a3e0000 - 0x00007ffc5a577000 	C:\WINDOWS\System32\ole32.dll

JVMTI agents:
c:\Users\ASUS\.antigravity\extensions\redhat.java-1.51.0-win32-x64\lombok\lombok-1.18.39-4050.jar path:c:\Users\ASUS\.antigravity\extensions\redhat.java-1.51.0-win32-x64\jre\21.0.9-win32-x86_64\bin\instrument.dll, loaded, initialized, instrumentlib options:none

dbghelp: loaded successfully - version: 4.0.5 - missing functions: none
symbol engine: initialized successfully - sym options: 0x614 - pdb path: .;c:\Users\ASUS\.antigravity\extensions\redhat.java-1.51.0-win32-x64\jre\21.0.9-win32-x86_64\bin;C:\WINDOWS\SYSTEM32;C:\WINDOWS\WinSxS\amd64_microsoft.windows.common-controls_6595b64144ccf1df_6.0.26100.7309_none_3e05feeae336a044;c:\Users\ASUS\.antigravity\extensions\redhat.java-1.51.0-win32-x64\jre\21.0.9-win32-x86_64\bin\server;C:\Users\ASUS\AppData\Roaming\Antigravity\User\globalStorage\redhat.java\1.51.0\config_win\org.eclipse.equinox.launcher\org.eclipse.equinox.launcher.win32.win32.x86_64_1.2.1400.v20250801-0854

VM Arguments:
jvm_args: --add-modules=ALL-SYSTEM --add-opens=java.base/java.util=ALL-UNNAMED --add-opens=java.base/java.lang=ALL-UNNAMED --add-opens=java.base/sun.nio.fs=ALL-UNNAMED -Declipse.application=org.eclipse.jdt.ls.core.id1 -Dosgi.bundles.defaultStartLevel=4 -Declipse.product=org.eclipse.jdt.ls.core.product -Djava.import.generatesMetadataFilesAtProjectRoot=false -DDetectVMInstallationsJob.disabled=true -Dfile.encoding=utf8 -XX:+UseParallelGC -XX:GCTimeRatio=4 -XX:AdaptiveSizePolicyWeight=90 -Dsun.zip.disableMemoryMapping=true -Xmx2G -Xms100m -Xlog:disable -javaagent:c:\Users\ASUS\.antigravity\extensions\redhat.java-1.51.0-win32-x64\lombok\lombok-1.18.39-4050.jar -XX:+HeapDumpOnOutOfMemoryError -XX:HeapDumpPath=c:\Users\ASUS\AppData\Roaming\Antigravity\User\workspaceStorage\4bec86e7be69f773e0503a9090ada9ce\redhat.java -Daether.dependencyCollector.impl=bf 
java_command: c:\Users\ASUS\.antigravity\extensions\redhat.java-1.51.0-win32-x64\server\plugins\org.eclipse.equinox.launcher_1.7.100.v20251111-0406.jar -configuration c:\Users\ASUS\AppData\Roaming\Antigravity\User\globalStorage\redhat.java\1.51.0\config_win -data c:\Users\ASUS\AppData\Roaming\Antigravity\User\workspaceStorage\4bec86e7be69f773e0503a9090ada9ce\redhat.java\jdt_ws --pipe=\\.\pipe\lsp-ccc91781f4f1a62c24bdbd3bd11cc5d0-sock
java_class_path (initial): c:\Users\ASUS\.antigravity\extensions\redhat.java-1.51.0-win32-x64\server\plugins\org.eclipse.equinox.launcher_1.7.100.v20251111-0406.jar
Launcher Type: SUN_STANDARD

[Global flags]
    uintx AdaptiveSizePolicyWeight                 = 90                                        {product} {command line}
     intx CICompilerCount                          = 4                                         {product} {ergonomic}
    uintx GCTimeRatio                              = 4                                         {product} {command line}
     bool HeapDumpOnOutOfMemoryError               = true                                   {manageable} {command line}
    ccstr HeapDumpPath                             = c:\Users\ASUS\AppData\Roaming\Antigravity\User\workspaceStorage\4bec86e7be69f773e0503a9090ada9ce\redhat.java         {manageable} {command line}
   size_t InitialHeapSize                          = 104857600                                 {product} {command line}
   size_t MaxHeapSize                              = 2147483648                                {product} {command line}
   size_t MaxNewSize                               = 715653120                                 {product} {ergonomic}
   size_t MinHeapDeltaBytes                        = 524288                                    {product} {ergonomic}
   size_t MinHeapSize                              = 104857600                                 {product} {command line}
   size_t NewSize                                  = 34603008                                  {product} {ergonomic}
    uintx NonNMethodCodeHeapSize                   = 5839372                                {pd product} {ergonomic}
    uintx NonProfiledCodeHeapSize                  = 122909434                              {pd product} {ergonomic}
   size_t OldSize                                  = 70254592                                  {product} {ergonomic}
    uintx ProfiledCodeHeapSize                     = 122909434                              {pd product} {ergonomic}
    uintx ReservedCodeCacheSize                    = 251658240                              {pd product} {ergonomic}
     bool SegmentedCodeCache                       = true                                      {product} {ergonomic}
   size_t SoftMaxHeapSize                          = 2147483648                             {manageable} {ergonomic}
     bool UseCompressedOops                        = true                           {product lp64_product} {ergonomic}
     bool UseLargePagesIndividualAllocation        = false                                  {pd product} {ergonomic}
     bool UseParallelGC                            = true                                      {product} {command line}

Logging:
Log output configuration:
 #0: stdout all=off uptime,level,tags foldmultilines=false
 #1: stderr all=off uptime,level,tags foldmultilines=false

Release file:
JAVA_VERSION="21.0.9" 
MODULES="java.base java.compiler java.datatransfer java.xml java.prefs java.desktop java.instrument java.logging java.management java.security.sasl java.naming java.rmi java.management.rmi java.net.http java.scripting java.security.jgss java.transaction.xa java.sql java.sql.rowset java.xml.crypto java.se java.smartcardio jdk.accessibility jdk.internal.jvmstat jdk.attach jdk.charsets jdk.internal.opt jdk.zipfs jdk.compiler jdk.crypto.ec jdk.crypto.cryptoki jdk.crypto.mscapi jdk.dynalink jdk.internal.ed jdk.editpad jdk.hotspot.agent jdk.httpserver jdk.internal.le jdk.internal.vm.ci jdk.internal.vm.compiler jdk.internal.vm.compiler.management jdk.jartool jdk.javadoc jdk.jcmd jdk.management jdk.management.agent jdk.jconsole jdk.jdeps jdk.jdwp.agent jdk.jdi jdk.jfr jdk.jshell jdk.jsobject jdk.jstatd jdk.localedata jdk.management.jfr jdk.naming.dns jdk.naming.rmi jdk.net jdk.nio.mapmode jdk.random jdk.sctp jdk.security.auth jdk.security.jgss jdk.unsupported jdk.unsupported.desktop jdk.xml.dom" 

Environment Variables:
JAVA_HOME=C:\Program Files\Java\jdk-21
PATH=C:\Program Files\Common Files\Oracle\Java\javapath;C:\ffmpeg\bin;C:\Program Files (x86)\Common Files\Oracle\Java\javapath;C:\app\ASUS\product\18.0.0\dbhomeXE\bin;C:\Windows\system32;C:\Windows;C:\Windows\System32\Wbem;C:\Windows\System32\WindowsPowerShell\v1.0\;C:\Windows\System32\OpenSSH\;C:\Program Files (x86)\NVIDIA Corporation\PhysX\Common;C:\Program Files\NVIDIA Corporation\NVIDIA NvDLISR;C:\WINDOWS\system32;C:\WINDOWS;C:\WINDOWS\System32\Wbem;C:\WINDOWS\System32\WindowsPowerShell\v1.0\;C:\WINDOWS\System32\OpenSSH\;C:\Program Files (x86)\Microsoft SQL Server\160\Tools\Binn\;C:\Program Files\Microsoft SQL Server\160\Tools\Binn\;C:\Program Files\Microsoft SQL Server\Client SDK\ODBC\170\Tools\Binn\;C:\Program Files\Microsoft SQL Server\160\DTS\Binn\;C:\Program Files\Git\cmd;C:\Program Files\TortoiseGit\bin;C:\MinGW\bin;C:\Program Files\Java\jdk1.8.0_301\bin;C:\Program Files\Java\jre1.8.0_301\bin;C:\Program Files\nodejs\;C:\ProgramData\chocolatey\bin;C:\Program Files\MongoDB\Server\7.0\bin;;C:\Program Files\Docker\Docker\resources\bin;C:\Program Files\MySQL\MySQL Shell 8.0\bin\;C:\Users\ASUS\AppData\Local\Microsoft\WindowsApps;C:\Users\ASUS\AppData\Local\GitHubDesktop\bin;C:\Users\ASUS\AppData\Local\Programs\Microsoft VS Code\bin;C:\ffmpeg\bin;C:\Users\ASUS\AppData\Roaming\npm;C:\Program Files\MongoDB\Server\7.0\bin;C:\Users\ASUS\AppData\Local\Programs\mongosh\;C:\ProgramData\ASUS\GitHubDesktop\bin;C:\Program Files\Java\jdk-17\bin;C:\Users\ASUS\AppData\Local\Programs\Antigravity\bin
USERNAME=ASUS
OS=Windows_NT
PROCESSOR_IDENTIFIER=AMD64 Family 23 Model 96 Stepping 1, AuthenticAMD
TMP=C:\Users\ASUS\AppData\Local\Temp
TEMP=C:\Users\ASUS\AppData\Local\Temp




Periodic native trim disabled

---------------  S Y S T E M  ---------------

OS:
 Windows 11 , 64 bit Build 26100 (10.0.26100.7623)
OS uptime: 5 days 10:53 hours
Hyper-V role detected

CPU: total 12 (initial active 12) (12 cores per cpu, 2 threads per core) family 23 model 96 stepping 1 microcode 0x8600106, cx8, cmov, fxsr, ht, mmx, 3dnowpref, sse, sse2, sse3, ssse3, sse4a, sse4.1, sse4.2, popcnt, lzcnt, tsc, tscinvbit, avx, avx2, aes, clmul, bmi1, bmi2, adx, sha, fma, vzeroupper, clflush, clflushopt, hv, rdtscp, rdpid, f16c
Processor Information for the first 12 processors :
  Max Mhz: 3001, Current Mhz: 3001, Mhz Limit: 3001

Memory: 4k page, system-wide physical 7598M (936M free)
TotalPageFile size 31150M (AvailPageFile size 3M)
current process WorkingSet (physical memory assigned to process): 97M, peak: 100M
current process commit charge ("private bytes"): 249M, peak: 252M

vm_info: OpenJDK 64-Bit Server VM (21.0.9+10-LTS) for windows-amd64 JRE (21.0.9+10-LTS), built on 2025-10-21T00:00:00Z by "admin" with unknown MS VC++:1942

END.
