[INFO] Scanning for projects...
[INFO] 
[INFO] --------------------------< com:FreeLanceHub >--------------------------
[INFO] Building FreeLanceHub 0.0.1-SNAPSHOT
[INFO]   from pom.xml
[INFO] --------------------------------[ jar ]---------------------------------
[INFO] 
[INFO] >>> spring-boot:4.0.1:run (default-cli) > test-compile @ FreeLanceHub >>>
[INFO] 
[INFO] --- resources:3.3.1:resources (default-resources) @ FreeLanceHub ---
[INFO] Copying 1 resource from src\main\resources to target\classes
[INFO] Copying 0 resource from src\main\resources to target\classes
[INFO] 
[INFO] --- compiler:3.14.1:compile (default-compile) @ FreeLanceHub ---
[INFO] Recompiling the module because of changed source code.
[INFO] Compiling 73 source files with javac [debug parameters release 21] to target\classes
[INFO] 
[INFO] --- resources:3.3.1:testResources (default-testResources) @ FreeLanceHub ---
[INFO] skip non existing resourceDirectory D:\movie\project\FreeLanceHub\FreeLanceHub_Backend\FreeLanceHub\src\test\resources
[INFO] 
[INFO] --- compiler:3.14.1:testCompile (default-testCompile) @ FreeLanceHub ---
[INFO] Recompiling the module because of changed dependency.
[INFO] Compiling 1 source file with javac [debug parameters release 21] to target\test-classes
[INFO] 
[INFO] <<< spring-boot:4.0.1:run (default-cli) < test-compile @ FreeLanceHub <<<
[INFO] 
[INFO] 
[INFO] --- spring-boot:4.0.1:run (default-cli) @ FreeLanceHub ---
[INFO] Attaching agents: []

  .   ____          _            __ _ _
 /\\ / ___'_ __ _ _(_)_ __  __ _ \ \ \ \
( ( )\___ | '_ | '_| | '_ \/ _` | \ \ \ \
 \\/  ___)| |_)| | | | | || (_| |  ) ) ) )
  '  |____| .__|_| |_|_| |_\__, | / / / /
 =========|_|==============|___/=/_/_/_/

 :: Spring Boot ::                (v4.0.1)

2026-01-27T22:59:24.122+05:30  INFO 16604 --- [freelancehub] [           main] c.FreeLanceHub.FreeLanceHubApplication   : Starting FreeLanceHubApplication using Java 21.0.8 with PID 16604 (D:\movie\project\FreeLanceHub\FreeLanceHub_Backend\FreeLanceHub\target\classes started by ASUS in D:\movie\project\FreeLanceHub\FreeLanceHub_Backend\FreeLanceHub)
2026-01-27T22:59:24.130+05:30  INFO 16604 --- [freelancehub] [           main] c.FreeLanceHub.FreeLanceHubApplication   : No active profile set, falling back to 1 default profile: "default"
2026-01-27T22:59:25.761+05:30  INFO 16604 --- [freelancehub] [           main] .s.d.r.c.RepositoryConfigurationDelegate : Bootstrapping Spring Data JPA repositories in DEFAULT mode.
2026-01-27T22:59:26.002+05:30  INFO 16604 --- [freelancehub] [           main] .s.d.r.c.RepositoryConfigurationDelegate : Finished Spring Data repository scanning in 223 ms. Found 9 JPA repository interfaces.
2026-01-27T22:59:26.829+05:30  INFO 16604 --- [freelancehub] [           main] o.s.boot.tomcat.TomcatWebServer          : Tomcat initialized with port 8080 (http)
2026-01-27T22:59:26.852+05:30  INFO 16604 --- [freelancehub] [           main] o.apache.catalina.core.StandardService   : Starting service [Tomcat]
2026-01-27T22:59:26.853+05:30  INFO 16604 --- [freelancehub] [           main] o.apache.catalina.core.StandardEngine    : Starting Servlet engine: [Apache Tomcat/11.0.15]
2026-01-27T22:59:26.942+05:30  INFO 16604 --- [freelancehub] [           main] b.w.c.s.WebApplicationContextInitializer : Root WebApplicationContext: initialization completed in 2702 ms
2026-01-27T22:59:27.163+05:30  INFO 16604 --- [freelancehub] [           main] org.hibernate.orm.jpa                    : HHH008540: Processing PersistenceUnitInfo [name: default]
2026-01-27T22:59:27.252+05:30  INFO 16604 --- [freelancehub] [           main] org.hibernate.orm.core                   : HHH000001: Hibernate ORM core version 7.2.0.Final
2026-01-27T22:59:27.949+05:30  INFO 16604 --- [freelancehub] [           main] o.s.o.j.p.SpringPersistenceUnitInfo      : No LoadTimeWeaver setup: ignoring JPA class transformer
2026-01-27T22:59:28.041+05:30  INFO 16604 --- [freelancehub] [           main] com.zaxxer.hikari.HikariDataSource       : HikariPool-1 - Starting...
2026-01-27T22:59:28.791+05:30  INFO 16604 --- [freelancehub] [           main] com.zaxxer.hikari.pool.HikariPool        : HikariPool-1 - Added connection com.mysql.cj.jdbc.ConnectionImpl@11309dd4
2026-01-27T22:59:28.793+05:30  INFO 16604 --- [freelancehub] [           main] com.zaxxer.hikari.HikariDataSource       : HikariPool-1 - Start completed.
2026-01-27T22:59:28.937+05:30  WARN 16604 --- [freelancehub] [           main] org.hibernate.orm.deprecation            : HHH90000025: MySQLDialect does not need to be specified explicitly using 'hibernate.dialect' (remove the property setting and it will be selected by default)
2026-01-27T22:59:28.973+05:30  INFO 16604 --- [freelancehub] [           main] org.hibernate.orm.connections.pooling    : HHH10001005: Database info:
	Database JDBC URL [jdbc:mysql://localhost:3306/freeLanceHub]
	Database driver: MySQL Connector/J
	Database dialect: MySQLDialect
	Database version: 8.0.44
	Default catalog/schema: freeLanceHub/undefined
	Autocommit mode: undefined/unknown
	Isolation level: REPEATABLE_READ [default REPEATABLE_READ]
	JDBC fetch size: none
	Pool: DataSourceConnectionProvider
	Minimum pool size: undefined/unknown
	Maximum pool size: undefined/unknown
2026-01-27T22:59:30.759+05:30  INFO 16604 --- [freelancehub] [           main] org.hibernate.orm.core                   : HHH000489: No JTA platform available (set 'hibernate.transaction.jta.platform' to enable JTA platform integration)
Hibernate: 
    alter table free_lancer_profile 
       add column title varchar(255)
Hibernate: 
    alter table job 
       add column budget_max float(53)
Hibernate: 
    alter table job 
       add column budget_min float(53)
Hibernate: 
    alter table job 
       add column budget_type varchar(255)
Hibernate: 
    alter table job 
       add column duration varchar(255)
Hibernate: 
    alter table job 
       add column visibility varchar(255)
Hibernate: 
    create table job_skills (
        job_id bigint not null,
        skills varchar(255)
    ) engine=InnoDB
Hibernate: 
    create table payments (
        id bigint not null auto_increment,
        created_at datetime(6),
        updated_at datetime(6),
        amount float(53) not null,
        transaction_id varchar(255),
        job_id bigint not null,
        payee_id bigint not null,
        payer_id bigint not null,
        primary key (id)
    ) engine=InnoDB
Hibernate: 
    alter table job_skills 
       add constraint FKqktpavcbch6i6k65kcc0xq029 
       foreign key (job_id) 
       references job (id)
Hibernate: 
    alter table payments 
       add constraint FK9r8s6uupccge8yrgl657da1ih 
       foreign key (job_id) 
       references job (id)
Hibernate: 
    alter table payments 
       add constraint FK2cb9qg2eqi1byp2f69btb2bqr 
       foreign key (payee_id) 
       references users (id)
Hibernate: 
    alter table payments 
       add constraint FKrw6097avxrnm0ymrdxhlmsql8 
       foreign key (payer_id) 
       references users (id)
2026-01-27T22:59:31.997+05:30  INFO 16604 --- [freelancehub] [           main] j.LocalContainerEntityManagerFactoryBean : Initialized JPA EntityManagerFactory for persistence unit 'default'
2026-01-27T22:59:32.188+05:30  INFO 16604 --- [freelancehub] [           main] o.s.d.j.r.query.QueryEnhancerFactories   : Hibernate is in classpath; If applicable, HQL parser will be used.
2026-01-27T22:59:32.887+05:30  WARN 16604 --- [freelancehub] [           main] JpaBaseConfiguration$JpaWebConfiguration : spring.jpa.open-in-view is enabled by default. Therefore, database queries may be performed during view rendering. Explicitly configure spring.jpa.open-in-view to disable this warning
2026-01-27T22:59:33.590+05:30  INFO 16604 --- [freelancehub] [           main] o.s.boot.tomcat.TomcatWebServer          : Tomcat started on port 8080 (http) with context path '/'
2026-01-27T22:59:33.601+05:30  INFO 16604 --- [freelancehub] [           main] c.FreeLanceHub.FreeLanceHubApplication   : Started FreeLanceHubApplication in 10.312 seconds (process running for 11.112)
2026-01-27T23:00:50.247+05:30  INFO 16604 --- [freelancehub] [nio-8080-exec-1] o.a.c.c.C.[Tomcat].[localhost].[/]       : Initializing Spring DispatcherServlet 'dispatcherServlet'
2026-01-27T23:00:50.248+05:30  INFO 16604 --- [freelancehub] [nio-8080-exec-1] o.s.web.servlet.DispatcherServlet        : Initializing Servlet 'dispatcherServlet'
2026-01-27T23:00:50.253+05:30  INFO 16604 --- [freelancehub] [nio-8080-exec-1] o.s.web.servlet.DispatcherServlet        : Completed initialization in 5 ms
2026-01-27T23:05:00.931+05:30  INFO 16604 --- [freelancehub] [ionShutdownHook] o.s.boot.tomcat.GracefulShutdown         : Commencing graceful shutdown. Waiting for active requests to complete
2026-01-27T23:05:01.000+05:30  INFO 16604 --- [freelancehub] [tomcat-shutdown] o.s.boot.tomcat.GracefulShutdown         : Graceful shutdown complete
2026-01-27T23:05:01.062+05:30  INFO 16604 --- [freelancehub] [ionShutdownHook] j.LocalContainerEntityManagerFactoryBean : Closing JPA EntityManagerFactory for persistence unit 'default'
2026-01-27T23:05:01.120+05:30  INFO 16604 --- [freelancehub] [ionShutdownHook] com.zaxxer.hikari.HikariDataSource       : HikariPool-1 - Shutdown initiated...
2026-01-27T23:05:01.209+05:30  INFO 16604 --- [freelancehub] [ionShutdownHook] com.zaxxer.hikari.HikariDataSource       : HikariPool-1 - Shutdown completed.
[INFO] ------------------------------------------------------------------------
[INFO] BUILD SUCCESS
[INFO] ------------------------------------------------------------------------
[INFO] Total time:  05:52 min
[INFO] Finished at: 2026-01-27T23:05:01+05:30
[INFO] ------------------------------------------------------------------------
Terminate batch job (Y/N)? 
^CThe syntax of the command is incorrect.
