#
# There is insufficient memory for the Java Runtime Environment to continue.
# Native memory allocation (malloc) failed to allocate 1177136 bytes for Chunk::new
# Possible reasons:
#   The system is out of physical RAM or swap space
#   The process is running with CompressedOops enabled, and the Java Heap may be blocking the growth of the native heap
# Possible solutions:
#   Reduce memory load on the system
#   Increase physical memory or swap space
#   Check if swap backing store is full
#   Decrease Java heap size (-Xmx/-Xms)
#   Decrease number of Java threads
#   Decrease Java thread stack sizes (-Xss)
#   Set larger code cache with -XX:ReservedCodeCacheSize=
#   JVM is running with Unscaled Compressed Oops mode in which the Java heap is
#     placed in the first 4GB address space. The Java Heap base address is the
#     maximum limit for the native heap growth. Please use -XX:HeapBaseMinAddress
#     to set the Java Heap base and to place the Java Heap above 4GB virtual address.
# This output file may be truncated or incomplete.
#
#  Out of Memory Error (arena.cpp:168), pid=4664, tid=21492
#
# JRE version: Java(TM) SE Runtime Environment (21.0.8+12) (build 21.0.8+12-LTS-250)
# Java VM: Java HotSpot(TM) 64-Bit Server VM (21.0.8+12-LTS-250, mixed mode, sharing, tiered, compressed oops, compressed class ptrs, g1 gc, windows-amd64)
# No core dump will be written. Minidumps are not enabled by default on client versions of Windows
#

---------------  S U M M A R Y ------------

Command Line: --enable-native-access=ALL-UNNAMED -Dclassworlds.conf=C:\Users\ASUS\.m2\wrapper\dists\apache-maven-3.9.12\59fe215c0ad6947fea90184bf7add084544567b927287592651fda3782e0e798\bin\m2.conf -Dmaven.home=C:\Users\ASUS\.m2\wrapper\dists\apache-maven-3.9.12\59fe215c0ad6947fea90184bf7add084544567b927287592651fda3782e0e798 -Dlibrary.jansi.path=C:\Users\ASUS\.m2\wrapper\dists\apache-maven-3.9.12\59fe215c0ad6947fea90184bf7add084544567b927287592651fda3782e0e798\lib\jansi-native -Dmaven.multiModuleProjectDirectory=D:\movie\project\FreeLanceHub\FreeLanceHub_Backend\FreeLanceHub org.codehaus.plexus.classworlds.launcher.Launcher spring-boot:run

Host: AMD Ryzen 5 4600H with Radeon Graphics         , 12 cores, 7G,  Windows 11 , 64 bit Build 26100 (10.0.26100.7623)
Time: Wed Jan 28 00:13:19 2026 India Standard Time elapsed time: 8.890634 seconds (0d 0h 0m 8s)

---------------  T H R E A D  ---------------

Current thread (0x0000015f74721aa0):  JavaThread "C2 CompilerThread1" daemon [_thread_in_native, id=21492, stack(0x00000015dd800000,0x00000015dd900000) (1024K)]


Current CompileTask:
C2:   8890 4571       4       org.codehaus.plexus.util.xml.Xpp3DomBuilder::build (413 bytes)

Stack: [0x00000015dd800000,0x00000015dd900000]
Native frames: (J=compiled Java code, j=interpreted, Vv=VM code, C=native code)
V  [jvm.dll+0x6cc179]
V  [jvm.dll+0x8584c1]
V  [jvm.dll+0x85a9ee]
V  [jvm.dll+0x85b0c3]
V  [jvm.dll+0x27ebf6]
V  [jvm.dll+0xc4f4d]
V  [jvm.dll+0xc5483]
V  [jvm.dll+0x3b6a82]
V  [jvm.dll+0x382a35]
V  [jvm.dll+0x381eaa]
V  [jvm.dll+0x247670]
V  [jvm.dll+0x246c4f]
V  [jvm.dll+0x1c7a3e]
V  [jvm.dll+0x256359]
V  [jvm.dll+0x2548ea]
V  [jvm.dll+0x3efef6]
V  [jvm.dll+0x80279b]
V  [jvm.dll+0x6ca85d]
C  [ucrtbase.dll+0x37b0]
C  [KERNEL32.DLL+0x2e8d7]
C  [ntdll.dll+0x8c53c]


---------------  P R O C E S S  ---------------

Threads class SMR info:
_java_thread_list=0x0000015f74480cb0, length=13, elements={
0x0000015f0ffbf490, 0x0000015f2e8895a0, 0x0000015f2e889ff0, 0x0000015f2e88db20,
0x0000015f2e88eab0, 0x0000015f2e88f630, 0x0000015f2e89a6f0, 0x0000015f2e8bb9e0,
0x0000015f2e8bcb60, 0x0000015f2eb78140, 0x0000015f2eb7e980, 0x0000015f74721aa0,
0x0000015f74979680
}

Java Threads: ( => current thread )
  0x0000015f0ffbf490 JavaThread "main"                              [_thread_in_native, id=19088, stack(0x00000015dc600000,0x00000015dc700000) (1024K)]
  0x0000015f2e8895a0 JavaThread "Reference Handler"          daemon [_thread_blocked, id=37068, stack(0x00000015dce00000,0x00000015dcf00000) (1024K)]
  0x0000015f2e889ff0 JavaThread "Finalizer"                  daemon [_thread_blocked, id=22276, stack(0x00000015dcf00000,0x00000015dd000000) (1024K)]
  0x0000015f2e88db20 JavaThread "Signal Dispatcher"          daemon [_thread_blocked, id=3760, stack(0x00000015dd000000,0x00000015dd100000) (1024K)]
  0x0000015f2e88eab0 JavaThread "Attach Listener"            daemon [_thread_blocked, id=14692, stack(0x00000015dd100000,0x00000015dd200000) (1024K)]
  0x0000015f2e88f630 JavaThread "Service Thread"             daemon [_thread_blocked, id=34304, stack(0x00000015dd200000,0x00000015dd300000) (1024K)]
  0x0000015f2e89a6f0 JavaThread "Monitor Deflation Thread"   daemon [_thread_blocked, id=9752, stack(0x00000015dd300000,0x00000015dd400000) (1024K)]
  0x0000015f2e8bb9e0 JavaThread "C2 CompilerThread0"         daemon [_thread_blocked, id=34716, stack(0x00000015dd400000,0x00000015dd500000) (1024K)]
  0x0000015f2e8bcb60 JavaThread "C1 CompilerThread0"         daemon [_thread_blocked, id=9948, stack(0x00000015dd500000,0x00000015dd600000) (1024K)]
  0x0000015f2eb78140 JavaThread "Notification Thread"        daemon [_thread_blocked, id=39364, stack(0x00000015dd600000,0x00000015dd700000) (1024K)]
  0x0000015f2eb7e980 JavaThread "Common-Cleaner"             daemon [_thread_blocked, id=19804, stack(0x00000015dd700000,0x00000015dd800000) (1024K)]
=>0x0000015f74721aa0 JavaThread "C2 CompilerThread1"         daemon [_thread_in_native, id=21492, stack(0x00000015dd800000,0x00000015dd900000) (1024K)]
  0x0000015f74979680 JavaThread "Thread-1"                   daemon [_thread_blocked, id=40380, stack(0x00000015de200000,0x00000015de300000) (1024K)]
Total: 13

Other Threads:
  0x0000015f2e871240 VMThread "VM Thread"                           [id=27700, stack(0x00000015dcd00000,0x00000015dce00000) (1024K)]
  0x0000015f2e85e980 WatcherThread "VM Periodic Task Thread"        [id=25108, stack(0x00000015dcc00000,0x00000015dcd00000) (1024K)]
  0x0000015f100092c0 WorkerThread "GC Thread#0"                     [id=13156, stack(0x00000015dc700000,0x00000015dc800000) (1024K)]
  0x0000015f7469f910 WorkerThread "GC Thread#1"                     [id=37288, stack(0x00000015dda00000,0x00000015ddb00000) (1024K)]
  0x0000015f74a7e820 WorkerThread "GC Thread#2"                     [id=23236, stack(0x00000015ddb00000,0x00000015ddc00000) (1024K)]
  0x0000015f74be50c0 WorkerThread "GC Thread#3"                     [id=17948, stack(0x00000015ddc00000,0x00000015ddd00000) (1024K)]
  0x0000015f74be7470 WorkerThread "GC Thread#4"                     [id=37016, stack(0x00000015ddd00000,0x00000015dde00000) (1024K)]
  0x0000015f74be8e20 WorkerThread "GC Thread#5"                     [id=34648, stack(0x00000015dde00000,0x00000015ddf00000) (1024K)]
  0x0000015f74be8a80 WorkerThread "GC Thread#6"                     [id=40992, stack(0x00000015ddf00000,0x00000015de000000) (1024K)]
  0x0000015f74be91c0 WorkerThread "GC Thread#7"                     [id=11896, stack(0x00000015de000000,0x00000015de100000) (1024K)]
  0x0000015f74be7fa0 WorkerThread "GC Thread#8"                     [id=17252, stack(0x00000015dd900000,0x00000015dda00000) (1024K)]
  0x0000015f74be8340 WorkerThread "GC Thread#9"                     [id=25756, stack(0x00000015de100000,0x00000015de200000) (1024K)]
  0x0000015f1001a030 ConcurrentGCThread "G1 Main Marker"            [id=12788, stack(0x00000015dc800000,0x00000015dc900000) (1024K)]
  0x0000015f1001b9b0 WorkerThread "G1 Conc#0"                       [id=24828, stack(0x00000015dc900000,0x00000015dca00000) (1024K)]
  0x0000015f1007e970 ConcurrentGCThread "G1 Refine#0"               [id=20268, stack(0x00000015dca00000,0x00000015dcb00000) (1024K)]
  0x0000015f2e729520 ConcurrentGCThread "G1 Service"                [id=34860, stack(0x00000015dcb00000,0x00000015dcc00000) (1024K)]
Total: 16

Threads with active compile tasks:
C2 CompilerThread1     8931 4571       4       org.codehaus.plexus.util.xml.Xpp3DomBuilder::build (413 bytes)
Total: 1

VM state: not at safepoint (normal execution)

VM Mutex/Monitor currently owned by a thread: None

Heap address: 0x0000000089400000, size: 1900 MB, Compressed Oops mode: 32-bit

CDS archive(s) mapped at: [0x0000015f2f000000-0x0000015f2fc90000-0x0000015f2fc90000), size 13172736, SharedBaseAddress: 0x0000015f2f000000, ArchiveRelocationMode: 1.
Compressed class space mapped at: 0x0000015f30000000-0x0000015f70000000, reserved size: 1073741824
Narrow klass base: 0x0000015f2f000000, Narrow klass shift: 0, Narrow klass range: 0x100000000

GC Precious Log:
 CardTable entry size: 512
 Card Set container configuration: InlinePtr #cards 5 size 8 Array Of Cards #cards 12 size 40 Howl #buckets 4 coarsen threshold 1843 Howl Bitmap #cards 512 size 80 coarsen threshold 460 Card regions per heap region 1 cards per card region 2048
 CPUs: 12 total, 12 available
 Memory: 7598M
 Large Page Support: Disabled
 NUMA Support: Disabled
 Compressed Oops: Enabled (32-bit)
 Heap Region Size: 1M
 Heap Min Capacity: 8M
 Heap Initial Capacity: 120M
 Heap Max Capacity: 1900M
 Pre-touch: Disabled
 Parallel Workers: 10
 Concurrent Workers: 3
 Concurrent Refinement Workers: 10
 Periodic GC: Disabled

Heap:
 garbage-first heap   total 122880K, used 59597K [0x0000000089400000, 0x0000000100000000)
  region size 1024K, 55 young (56320K), 9 survivors (9216K)
 Metaspace       used 16922K, committed 17216K, reserved 1114112K
  class space    used 1905K, committed 2048K, reserved 1048576K

Heap Regions: E=young(eden), S=young(survivor), O=old, HS=humongous(starts), HC=humongous(continues), CS=collection set, F=free, TAMS=top-at-mark-start, PB=parsable bottom
|   0|0x0000000089400000, 0x0000000089500000, 0x0000000089500000|100%| O|  |TAMS 0x0000000089400000| PB 0x0000000089400000| Untracked 
|   1|0x0000000089500000, 0x0000000089600000, 0x0000000089600000|100%| O|  |TAMS 0x0000000089500000| PB 0x0000000089500000| Untracked 
|   2|0x0000000089600000, 0x0000000089700000, 0x0000000089700000|100%| O|  |TAMS 0x0000000089600000| PB 0x0000000089600000| Untracked 
|   3|0x0000000089700000, 0x0000000089800000, 0x0000000089800000|100%| O|  |TAMS 0x0000000089700000| PB 0x0000000089700000| Untracked 
|   4|0x0000000089800000, 0x0000000089833598, 0x0000000089900000| 20%| O|  |TAMS 0x0000000089800000| PB 0x0000000089800000| Untracked 
|   5|0x0000000089900000, 0x0000000089900000, 0x0000000089a00000|  0%| F|  |TAMS 0x0000000089900000| PB 0x0000000089900000| Untracked 
|   6|0x0000000089a00000, 0x0000000089a00000, 0x0000000089b00000|  0%| F|  |TAMS 0x0000000089a00000| PB 0x0000000089a00000| Untracked 
|   7|0x0000000089b00000, 0x0000000089b00000, 0x0000000089c00000|  0%| F|  |TAMS 0x0000000089b00000| PB 0x0000000089b00000| Untracked 
|   8|0x0000000089c00000, 0x0000000089c00000, 0x0000000089d00000|  0%| F|  |TAMS 0x0000000089c00000| PB 0x0000000089c00000| Untracked 
|   9|0x0000000089d00000, 0x0000000089d00000, 0x0000000089e00000|  0%| F|  |TAMS 0x0000000089d00000| PB 0x0000000089d00000| Untracked 
|  10|0x0000000089e00000, 0x0000000089e00000, 0x0000000089f00000|  0%| F|  |TAMS 0x0000000089e00000| PB 0x0000000089e00000| Untracked 
|  11|0x0000000089f00000, 0x0000000089f00000, 0x000000008a000000|  0%| F|  |TAMS 0x0000000089f00000| PB 0x0000000089f00000| Untracked 
|  12|0x000000008a000000, 0x000000008a000000, 0x000000008a100000|  0%| F|  |TAMS 0x000000008a000000| PB 0x000000008a000000| Untracked 
|  13|0x000000008a100000, 0x000000008a100000, 0x000000008a200000|  0%| F|  |TAMS 0x000000008a100000| PB 0x000000008a100000| Untracked 
|  14|0x000000008a200000, 0x000000008a200000, 0x000000008a300000|  0%| F|  |TAMS 0x000000008a200000| PB 0x000000008a200000| Untracked 
|  15|0x000000008a300000, 0x000000008a300000, 0x000000008a400000|  0%| F|  |TAMS 0x000000008a300000| PB 0x000000008a300000| Untracked 
|  16|0x000000008a400000, 0x000000008a400000, 0x000000008a500000|  0%| F|  |TAMS 0x000000008a400000| PB 0x000000008a400000| Untracked 
|  17|0x000000008a500000, 0x000000008a500000, 0x000000008a600000|  0%| F|  |TAMS 0x000000008a500000| PB 0x000000008a500000| Untracked 
|  18|0x000000008a600000, 0x000000008a600000, 0x000000008a700000|  0%| F|  |TAMS 0x000000008a600000| PB 0x000000008a600000| Untracked 
|  19|0x000000008a700000, 0x000000008a700000, 0x000000008a800000|  0%| F|  |TAMS 0x000000008a700000| PB 0x000000008a700000| Untracked 
|  20|0x000000008a800000, 0x000000008a800000, 0x000000008a900000|  0%| F|  |TAMS 0x000000008a800000| PB 0x000000008a800000| Untracked 
|  21|0x000000008a900000, 0x000000008a900000, 0x000000008aa00000|  0%| F|  |TAMS 0x000000008a900000| PB 0x000000008a900000| Untracked 
|  22|0x000000008aa00000, 0x000000008aa00000, 0x000000008ab00000|  0%| F|  |TAMS 0x000000008aa00000| PB 0x000000008aa00000| Untracked 
|  23|0x000000008ab00000, 0x000000008ab00000, 0x000000008ac00000|  0%| F|  |TAMS 0x000000008ab00000| PB 0x000000008ab00000| Untracked 
|  24|0x000000008ac00000, 0x000000008ac00000, 0x000000008ad00000|  0%| F|  |TAMS 0x000000008ac00000| PB 0x000000008ac00000| Untracked 
|  25|0x000000008ad00000, 0x000000008ad00000, 0x000000008ae00000|  0%| F|  |TAMS 0x000000008ad00000| PB 0x000000008ad00000| Untracked 
|  26|0x000000008ae00000, 0x000000008ae00000, 0x000000008af00000|  0%| F|  |TAMS 0x000000008ae00000| PB 0x000000008ae00000| Untracked 
|  27|0x000000008af00000, 0x000000008af00000, 0x000000008b000000|  0%| F|  |TAMS 0x000000008af00000| PB 0x000000008af00000| Untracked 
|  28|0x000000008b000000, 0x000000008b000000, 0x000000008b100000|  0%| F|  |TAMS 0x000000008b000000| PB 0x000000008b000000| Untracked 
|  29|0x000000008b100000, 0x000000008b100000, 0x000000008b200000|  0%| F|  |TAMS 0x000000008b100000| PB 0x000000008b100000| Untracked 
|  30|0x000000008b200000, 0x000000008b200000, 0x000000008b300000|  0%| F|  |TAMS 0x000000008b200000| PB 0x000000008b200000| Untracked 
|  31|0x000000008b300000, 0x000000008b300000, 0x000000008b400000|  0%| F|  |TAMS 0x000000008b300000| PB 0x000000008b300000| Untracked 
|  32|0x000000008b400000, 0x000000008b400000, 0x000000008b500000|  0%| F|  |TAMS 0x000000008b400000| PB 0x000000008b400000| Untracked 
|  33|0x000000008b500000, 0x000000008b500000, 0x000000008b600000|  0%| F|  |TAMS 0x000000008b500000| PB 0x000000008b500000| Untracked 
|  34|0x000000008b600000, 0x000000008b600000, 0x000000008b700000|  0%| F|  |TAMS 0x000000008b600000| PB 0x000000008b600000| Untracked 
|  35|0x000000008b700000, 0x000000008b700000, 0x000000008b800000|  0%| F|  |TAMS 0x000000008b700000| PB 0x000000008b700000| Untracked 
|  36|0x000000008b800000, 0x000000008b800000, 0x000000008b900000|  0%| F|  |TAMS 0x000000008b800000| PB 0x000000008b800000| Untracked 
|  37|0x000000008b900000, 0x000000008b900000, 0x000000008ba00000|  0%| F|  |TAMS 0x000000008b900000| PB 0x000000008b900000| Untracked 
|  38|0x000000008ba00000, 0x000000008ba00000, 0x000000008bb00000|  0%| F|  |TAMS 0x000000008ba00000| PB 0x000000008ba00000| Untracked 
|  39|0x000000008bb00000, 0x000000008bc00000, 0x000000008bc00000|100%| S|CS|TAMS 0x000000008bb00000| PB 0x000000008bb00000| Complete 
|  40|0x000000008bc00000, 0x000000008bd00000, 0x000000008bd00000|100%| S|CS|TAMS 0x000000008bc00000| PB 0x000000008bc00000| Complete 
|  41|0x000000008bd00000, 0x000000008be00000, 0x000000008be00000|100%| S|CS|TAMS 0x000000008bd00000| PB 0x000000008bd00000| Complete 
|  42|0x000000008be00000, 0x000000008bf00000, 0x000000008bf00000|100%| S|CS|TAMS 0x000000008be00000| PB 0x000000008be00000| Complete 
|  43|0x000000008bf00000, 0x000000008c000000, 0x000000008c000000|100%| S|CS|TAMS 0x000000008bf00000| PB 0x000000008bf00000| Complete 
|  44|0x000000008c000000, 0x000000008c100000, 0x000000008c100000|100%| S|CS|TAMS 0x000000008c000000| PB 0x000000008c000000| Complete 
|  45|0x000000008c100000, 0x000000008c200000, 0x000000008c200000|100%| S|CS|TAMS 0x000000008c100000| PB 0x000000008c100000| Complete 
|  46|0x000000008c200000, 0x000000008c300000, 0x000000008c300000|100%| S|CS|TAMS 0x000000008c200000| PB 0x000000008c200000| Complete 
|  47|0x000000008c300000, 0x000000008c400000, 0x000000008c400000|100%| S|CS|TAMS 0x000000008c300000| PB 0x000000008c300000| Complete 
|  48|0x000000008c400000, 0x000000008c400000, 0x000000008c500000|  0%| F|  |TAMS 0x000000008c400000| PB 0x000000008c400000| Untracked 
|  49|0x000000008c500000, 0x000000008c500000, 0x000000008c600000|  0%| F|  |TAMS 0x000000008c500000| PB 0x000000008c500000| Untracked 
|  50|0x000000008c600000, 0x000000008c600000, 0x000000008c700000|  0%| F|  |TAMS 0x000000008c600000| PB 0x000000008c600000| Untracked 
|  51|0x000000008c700000, 0x000000008c700000, 0x000000008c800000|  0%| F|  |TAMS 0x000000008c700000| PB 0x000000008c700000| Untracked 
|  52|0x000000008c800000, 0x000000008c800000, 0x000000008c900000|  0%| F|  |TAMS 0x000000008c800000| PB 0x000000008c800000| Untracked 
|  53|0x000000008c900000, 0x000000008c900000, 0x000000008ca00000|  0%| F|  |TAMS 0x000000008c900000| PB 0x000000008c900000| Untracked 
|  54|0x000000008ca00000, 0x000000008ca00000, 0x000000008cb00000|  0%| F|  |TAMS 0x000000008ca00000| PB 0x000000008ca00000| Untracked 
|  55|0x000000008cb00000, 0x000000008cb00000, 0x000000008cc00000|  0%| F|  |TAMS 0x000000008cb00000| PB 0x000000008cb00000| Untracked 
|  56|0x000000008cc00000, 0x000000008cc00000, 0x000000008cd00000|  0%| F|  |TAMS 0x000000008cc00000| PB 0x000000008cc00000| Untracked 
|  57|0x000000008cd00000, 0x000000008cd00000, 0x000000008ce00000|  0%| F|  |TAMS 0x000000008cd00000| PB 0x000000008cd00000| Untracked 
|  58|0x000000008ce00000, 0x000000008ce00000, 0x000000008cf00000|  0%| F|  |TAMS 0x000000008ce00000| PB 0x000000008ce00000| Untracked 
|  59|0x000000008cf00000, 0x000000008cf00000, 0x000000008d000000|  0%| F|  |TAMS 0x000000008cf00000| PB 0x000000008cf00000| Untracked 
|  60|0x000000008d000000, 0x000000008d000000, 0x000000008d100000|  0%| F|  |TAMS 0x000000008d000000| PB 0x000000008d000000| Untracked 
|  61|0x000000008d100000, 0x000000008d100000, 0x000000008d200000|  0%| F|  |TAMS 0x000000008d100000| PB 0x000000008d100000| Untracked 
|  62|0x000000008d200000, 0x000000008d200000, 0x000000008d300000|  0%| F|  |TAMS 0x000000008d200000| PB 0x000000008d200000| Untracked 
|  63|0x000000008d300000, 0x000000008d300000, 0x000000008d400000|  0%| F|  |TAMS 0x000000008d300000| PB 0x000000008d300000| Untracked 
|  64|0x000000008d400000, 0x000000008d400000, 0x000000008d500000|  0%| F|  |TAMS 0x000000008d400000| PB 0x000000008d400000| Untracked 
|  65|0x000000008d500000, 0x000000008d500000, 0x000000008d600000|  0%| F|  |TAMS 0x000000008d500000| PB 0x000000008d500000| Untracked 
|  66|0x000000008d600000, 0x000000008d600000, 0x000000008d700000|  0%| F|  |TAMS 0x000000008d600000| PB 0x000000008d600000| Untracked 
|  67|0x000000008d700000, 0x000000008d700000, 0x000000008d800000|  0%| F|  |TAMS 0x000000008d700000| PB 0x000000008d700000| Untracked 
|  68|0x000000008d800000, 0x000000008d800000, 0x000000008d900000|  0%| F|  |TAMS 0x000000008d800000| PB 0x000000008d800000| Untracked 
|  69|0x000000008d900000, 0x000000008d900000, 0x000000008da00000|  0%| F|  |TAMS 0x000000008d900000| PB 0x000000008d900000| Untracked 
|  70|0x000000008da00000, 0x000000008da00000, 0x000000008db00000|  0%| F|  |TAMS 0x000000008da00000| PB 0x000000008da00000| Untracked 
|  71|0x000000008db00000, 0x000000008db00000, 0x000000008dc00000|  0%| F|  |TAMS 0x000000008db00000| PB 0x000000008db00000| Untracked 
|  72|0x000000008dc00000, 0x000000008dc00000, 0x000000008dd00000|  0%| F|  |TAMS 0x000000008dc00000| PB 0x000000008dc00000| Untracked 
|  73|0x000000008dd00000, 0x000000008dd00000, 0x000000008de00000|  0%| F|  |TAMS 0x000000008dd00000| PB 0x000000008dd00000| Untracked 
|  74|0x000000008de00000, 0x000000008de80000, 0x000000008df00000| 50%| E|  |TAMS 0x000000008de00000| PB 0x000000008de00000| Complete 
|  75|0x000000008df00000, 0x000000008e000000, 0x000000008e000000|100%| E|CS|TAMS 0x000000008df00000| PB 0x000000008df00000| Complete 
|  76|0x000000008e000000, 0x000000008e100000, 0x000000008e100000|100%| E|CS|TAMS 0x000000008e000000| PB 0x000000008e000000| Complete 
|  77|0x000000008e100000, 0x000000008e200000, 0x000000008e200000|100%| E|CS|TAMS 0x000000008e100000| PB 0x000000008e100000| Complete 
|  78|0x000000008e200000, 0x000000008e300000, 0x000000008e300000|100%| E|CS|TAMS 0x000000008e200000| PB 0x000000008e200000| Complete 
|  79|0x000000008e300000, 0x000000008e400000, 0x000000008e400000|100%| E|CS|TAMS 0x000000008e300000| PB 0x000000008e300000| Complete 
|  80|0x000000008e400000, 0x000000008e500000, 0x000000008e500000|100%| E|CS|TAMS 0x000000008e400000| PB 0x000000008e400000| Complete 
|  81|0x000000008e500000, 0x000000008e600000, 0x000000008e600000|100%| E|CS|TAMS 0x000000008e500000| PB 0x000000008e500000| Complete 
|  82|0x000000008e600000, 0x000000008e700000, 0x000000008e700000|100%| E|CS|TAMS 0x000000008e600000| PB 0x000000008e600000| Complete 
|  83|0x000000008e700000, 0x000000008e800000, 0x000000008e800000|100%| E|CS|TAMS 0x000000008e700000| PB 0x000000008e700000| Complete 
|  84|0x000000008e800000, 0x000000008e900000, 0x000000008e900000|100%| E|CS|TAMS 0x000000008e800000| PB 0x000000008e800000| Complete 
|  85|0x000000008e900000, 0x000000008ea00000, 0x000000008ea00000|100%| E|CS|TAMS 0x000000008e900000| PB 0x000000008e900000| Complete 
|  86|0x000000008ea00000, 0x000000008eb00000, 0x000000008eb00000|100%| E|CS|TAMS 0x000000008ea00000| PB 0x000000008ea00000| Complete 
|  87|0x000000008eb00000, 0x000000008ec00000, 0x000000008ec00000|100%| E|CS|TAMS 0x000000008eb00000| PB 0x000000008eb00000| Complete 
|  88|0x000000008ec00000, 0x000000008ed00000, 0x000000008ed00000|100%| E|CS|TAMS 0x000000008ec00000| PB 0x000000008ec00000| Complete 
|  89|0x000000008ed00000, 0x000000008ee00000, 0x000000008ee00000|100%| E|CS|TAMS 0x000000008ed00000| PB 0x000000008ed00000| Complete 
|  90|0x000000008ee00000, 0x000000008ef00000, 0x000000008ef00000|100%| E|CS|TAMS 0x000000008ee00000| PB 0x000000008ee00000| Complete 
|  91|0x000000008ef00000, 0x000000008f000000, 0x000000008f000000|100%| E|CS|TAMS 0x000000008ef00000| PB 0x000000008ef00000| Complete 
|  92|0x000000008f000000, 0x000000008f100000, 0x000000008f100000|100%| E|CS|TAMS 0x000000008f000000| PB 0x000000008f000000| Complete 
|  93|0x000000008f100000, 0x000000008f200000, 0x000000008f200000|100%| E|CS|TAMS 0x000000008f100000| PB 0x000000008f100000| Complete 
|  94|0x000000008f200000, 0x000000008f300000, 0x000000008f300000|100%| E|CS|TAMS 0x000000008f200000| PB 0x000000008f200000| Complete 
|  95|0x000000008f300000, 0x000000008f400000, 0x000000008f400000|100%| E|CS|TAMS 0x000000008f300000| PB 0x000000008f300000| Complete 
|  96|0x000000008f400000, 0x000000008f500000, 0x000000008f500000|100%| E|CS|TAMS 0x000000008f400000| PB 0x000000008f400000| Complete 
|  97|0x000000008f500000, 0x000000008f600000, 0x000000008f600000|100%| E|CS|TAMS 0x000000008f500000| PB 0x000000008f500000| Complete 
|  98|0x000000008f600000, 0x000000008f700000, 0x000000008f700000|100%| E|CS|TAMS 0x000000008f600000| PB 0x000000008f600000| Complete 
|  99|0x000000008f700000, 0x000000008f800000, 0x000000008f800000|100%| E|CS|TAMS 0x000000008f700000| PB 0x000000008f700000| Complete 
| 100|0x000000008f800000, 0x000000008f900000, 0x000000008f900000|100%| E|CS|TAMS 0x000000008f800000| PB 0x000000008f800000| Complete 
| 101|0x000000008f900000, 0x000000008fa00000, 0x000000008fa00000|100%| E|CS|TAMS 0x000000008f900000| PB 0x000000008f900000| Complete 
| 102|0x000000008fa00000, 0x000000008fb00000, 0x000000008fb00000|100%| E|CS|TAMS 0x000000008fa00000| PB 0x000000008fa00000| Complete 
| 103|0x000000008fb00000, 0x000000008fc00000, 0x000000008fc00000|100%| E|CS|TAMS 0x000000008fb00000| PB 0x000000008fb00000| Complete 
| 104|0x000000008fc00000, 0x000000008fd00000, 0x000000008fd00000|100%| E|CS|TAMS 0x000000008fc00000| PB 0x000000008fc00000| Complete 
| 105|0x000000008fd00000, 0x000000008fe00000, 0x000000008fe00000|100%| E|CS|TAMS 0x000000008fd00000| PB 0x000000008fd00000| Complete 
| 106|0x000000008fe00000, 0x000000008ff00000, 0x000000008ff00000|100%| E|CS|TAMS 0x000000008fe00000| PB 0x000000008fe00000| Complete 
| 107|0x000000008ff00000, 0x0000000090000000, 0x0000000090000000|100%| E|CS|TAMS 0x000000008ff00000| PB 0x000000008ff00000| Complete 
| 108|0x0000000090000000, 0x0000000090100000, 0x0000000090100000|100%| E|CS|TAMS 0x0000000090000000| PB 0x0000000090000000| Complete 
| 109|0x0000000090100000, 0x0000000090200000, 0x0000000090200000|100%| E|CS|TAMS 0x0000000090100000| PB 0x0000000090100000| Complete 
| 110|0x0000000090200000, 0x0000000090300000, 0x0000000090300000|100%| E|CS|TAMS 0x0000000090200000| PB 0x0000000090200000| Complete 
| 111|0x0000000090300000, 0x0000000090400000, 0x0000000090400000|100%| E|CS|TAMS 0x0000000090300000| PB 0x0000000090300000| Complete 
| 112|0x0000000090400000, 0x0000000090500000, 0x0000000090500000|100%| E|CS|TAMS 0x0000000090400000| PB 0x0000000090400000| Complete 
| 113|0x0000000090500000, 0x0000000090600000, 0x0000000090600000|100%| E|CS|TAMS 0x0000000090500000| PB 0x0000000090500000| Complete 
| 114|0x0000000090600000, 0x0000000090700000, 0x0000000090700000|100%| E|CS|TAMS 0x0000000090600000| PB 0x0000000090600000| Complete 
| 115|0x0000000090700000, 0x0000000090800000, 0x0000000090800000|100%| E|CS|TAMS 0x0000000090700000| PB 0x0000000090700000| Complete 
| 116|0x0000000090800000, 0x0000000090900000, 0x0000000090900000|100%| E|CS|TAMS 0x0000000090800000| PB 0x0000000090800000| Complete 
| 117|0x0000000090900000, 0x0000000090a00000, 0x0000000090a00000|100%| E|CS|TAMS 0x0000000090900000| PB 0x0000000090900000| Complete 
| 118|0x0000000090a00000, 0x0000000090b00000, 0x0000000090b00000|100%| E|CS|TAMS 0x0000000090a00000| PB 0x0000000090a00000| Complete 
| 119|0x0000000090b00000, 0x0000000090c00000, 0x0000000090c00000|100%| E|CS|TAMS 0x0000000090b00000| PB 0x0000000090b00000| Complete 

Card table byte_map: [0x0000015f29a40000,0x0000015f29e00000] _byte_map_base: 0x0000015f295f6000

Marking Bits: (CMBitMap*) 0x0000015f100099c0
 Bits: [0x0000015f29e00000, 0x0000015f2bbb0000)

Polling page: 0x0000015f0fce0000

Metaspace:

Usage:
  Non-class:     14.70 MB used.
      Class:      1.87 MB used.
       Both:     16.56 MB used.

Virtual space:
  Non-class space:       64.00 MB reserved,      14.88 MB ( 23%) committed,  1 nodes.
      Class space:        1.00 GB reserved,       2.00 MB ( <1%) committed,  1 nodes.
             Both:        1.06 GB reserved,      16.88 MB (  2%) committed. 

Chunk freelists:
   Non-Class:  928.00 KB
       Class:  13.85 MB
        Both:  14.76 MB

MaxMetaspaceSize: unlimited
CompressedClassSpaceSize: 1.00 GB
Initial GC threshold: 21.00 MB
Current GC threshold: 21.00 MB
CDS: on
 - commit_granule_bytes: 65536.
 - commit_granule_words: 8192.
 - virtual_space_node_default_size: 8388608.
 - enlarge_chunks_in_place: 1.
 - use_allocation_guard: 0.


Internal statistics:

num_allocs_failed_limit: 0.
num_arena_births: 162.
num_arena_deaths: 0.
num_vsnodes_births: 2.
num_vsnodes_deaths: 0.
num_space_committed: 270.
num_space_uncommitted: 0.
num_chunks_returned_to_freelist: 0.
num_chunks_taken_from_freelist: 745.
num_chunk_merges: 0.
num_chunk_splits: 509.
num_chunks_enlarged: 422.
num_inconsistent_stats: 0.

CodeHeap 'non-profiled nmethods': size=120000Kb used=2387Kb max_used=2387Kb free=117612Kb
 bounds [0x0000015f214d0000, 0x0000015f21740000, 0x0000015f28a00000]
CodeHeap 'profiled nmethods': size=120000Kb used=9960Kb max_used=9960Kb free=110039Kb
 bounds [0x0000015f19a00000, 0x0000015f1a3c0000, 0x0000015f20f30000]
CodeHeap 'non-nmethods': size=5760Kb used=1399Kb max_used=1463Kb free=4360Kb
 bounds [0x0000015f20f30000, 0x0000015f211a0000, 0x0000015f214d0000]
 total_blobs=5150 nmethods=4657 adapters=397
 compilation: enabled
              stopped_count=0, restarted_count=0
 full_count=0

Compilation events (20 events):
Event: 6.802 Thread 0x0000015f2e8bcb60 4607       3       sun.net.www.ParseUtil::firstEncodeIndex (86 bytes)
Event: 6.803 Thread 0x0000015f2e8bcb60 nmethod 4607 0x0000015f1a38ee90 code [0x0000015f1a38f0e0, 0x0000015f1a38faa0]
Event: 6.804 Thread 0x0000015f2e8bcb60 4608   !   3       java.net.URL::getURLStreamHandler (191 bytes)
Event: 6.806 Thread 0x0000015f2e8bcb60 nmethod 4608 0x0000015f1a38fe10 code [0x0000015f1a3900c0, 0x0000015f1a390f40]
Event: 6.806 Thread 0x0000015f2e8bcb60 4609       3       java.net.URL::isValidProtocol (78 bytes)
Event: 6.806 Thread 0x0000015f75775480 4611   !   4       java.io.RandomAccessFile::seek (42 bytes)
Event: 6.807 Thread 0x0000015f2e8bcb60 nmethod 4609 0x0000015f1a391390 code [0x0000015f1a3916a0, 0x0000015f1a392928]
Event: 6.807 Thread 0x0000015f2e8bcb60 4610       3       java.net.URL::<init> (7 bytes)
Event: 6.807 Thread 0x0000015f2e8bcb60 nmethod 4610 0x0000015f1a393010 code [0x0000015f1a3931c0, 0x0000015f1a393370]
Event: 6.808 Thread 0x0000015f75775480 nmethod 4611 0x0000015f21720490 code [0x0000015f21720640, 0x0000015f217207b8]
Event: 6.817 Thread 0x0000015f75775480 4612       4       jdk.internal.ref.PhantomCleanable::<init> (49 bytes)
Event: 6.820 Thread 0x0000015f2e8bcb60 4613       3       org.objectweb.asm.ClassReader::readField (675 bytes)
Event: 7.824 Thread 0x0000015f2e8bcb60 nmethod 4613 0x0000015f1a393490 code [0x0000015f1a393a00, 0x0000015f1a395e38]
Event: 7.842 Thread 0x0000015f2e8bcb60 4615       3       org.objectweb.asm.ClassReader::readMethod (1070 bytes)
Event: 7.847 Thread 0x0000015f2e8bcb60 nmethod 4615 0x0000015f1a397090 code [0x0000015f1a397800, 0x0000015f1a39ba70]
Event: 7.848 Thread 0x0000015f2e8bcb60 4616       3       org.objectweb.asm.ClassVisitor::visitMethod (24 bytes)
Event: 7.848 Thread 0x0000015f2e8bcb60 nmethod 4616 0x0000015f1a39d790 code [0x0000015f1a39d940, 0x0000015f1a39db80]
Event: 7.848 Thread 0x0000015f2e8bcb60 4617   !   3       com.google.inject.spi.InjectionPoint::forConstructorOf (258 bytes)
Event: 7.849 Thread 0x0000015f75775480 nmethod 4612 0x0000015f21720990 code [0x0000015f21720b80, 0x0000015f21721668]
Event: 7.851 Thread 0x0000015f2e8bcb60 nmethod 4617 0x0000015f1a39dc90 code [0x0000015f1a39e220, 0x0000015f1a3a0b68]

GC Heap History (6 events):
Event: 1.046 GC heap before
{Heap before GC invocations=0 (full 0):
 garbage-first heap   total 122880K, used 22528K [0x0000000089400000, 0x0000000100000000)
  region size 1024K, 23 young (23552K), 0 survivors (0K)
 Metaspace       used 5609K, committed 5824K, reserved 1114112K
  class space    used 645K, committed 768K, reserved 1048576K
}
Event: 1.065 GC heap after
{Heap after GC invocations=1 (full 0):
 garbage-first heap   total 122880K, used 3792K [0x0000000089400000, 0x0000000100000000)
  region size 1024K, 3 young (3072K), 3 survivors (3072K)
 Metaspace       used 5609K, committed 5824K, reserved 1114112K
  class space    used 645K, committed 768K, reserved 1048576K
}
Event: 3.161 GC heap before
{Heap before GC invocations=1 (full 0):
 garbage-first heap   total 122880K, used 33488K [0x0000000089400000, 0x0000000100000000)
  region size 1024K, 32 young (32768K), 3 survivors (3072K)
 Metaspace       used 9283K, committed 9408K, reserved 1114112K
  class space    used 1085K, committed 1152K, reserved 1048576K
}
Event: 3.167 GC heap after
{Heap after GC invocations=2 (full 0):
 garbage-first heap   total 122880K, used 5241K [0x0000000089400000, 0x0000000100000000)
  region size 1024K, 2 young (2048K), 2 survivors (2048K)
 Metaspace       used 9283K, committed 9408K, reserved 1114112K
  class space    used 1085K, committed 1152K, reserved 1048576K
}
Event: 5.908 GC heap before
{Heap before GC invocations=2 (full 0):
 garbage-first heap   total 122880K, used 76921K [0x0000000089400000, 0x0000000100000000)
  region size 1024K, 72 young (73728K), 2 survivors (2048K)
 Metaspace       used 15825K, committed 16064K, reserved 1114112K
  class space    used 1835K, committed 1920K, reserved 1048576K
}
Event: 5.928 GC heap after
{Heap after GC invocations=3 (full 0):
 garbage-first heap   total 122880K, used 13517K [0x0000000089400000, 0x0000000100000000)
  region size 1024K, 9 young (9216K), 9 survivors (9216K)
 Metaspace       used 15825K, committed 16064K, reserved 1114112K
  class space    used 1835K, committed 1920K, reserved 1048576K
}

Dll operation events (8 events):
Event: 0.009 Loaded shared library C:\Program Files\Java\jdk-21\bin\java.dll
Event: 0.041 Loaded shared library C:\Program Files\Java\jdk-21\bin\jsvml.dll
Event: 0.064 Loaded shared library C:\Program Files\Java\jdk-21\bin\net.dll
Event: 0.068 Loaded shared library C:\Program Files\Java\jdk-21\bin\nio.dll
Event: 0.073 Loaded shared library C:\Program Files\Java\jdk-21\bin\zip.dll
Event: 0.305 Loaded shared library C:\Program Files\Java\jdk-21\bin\jimage.dll
Event: 0.309 Loaded shared library C:\Users\ASUS\.m2\wrapper\dists\apache-maven-3.9.12\59fe215c0ad6947fea90184bf7add084544567b927287592651fda3782e0e798\lib\jansi-native\Windows\x86_64\jansi.dll
Event: 0.328 Loaded shared library C:\Program Files\Java\jdk-21\bin\verify.dll

Deoptimization events (20 events):
Event: 6.756 Thread 0x0000015f0ffbf490 Uncommon trap: trap_request=0xffffff45 fr.pc=0x0000015f21571790 relative=0x0000000000000070
Event: 6.756 Thread 0x0000015f0ffbf490 Uncommon trap: reason=unstable_if action=reinterpret pc=0x0000015f21571790 method=java.lang.ref.ReferenceQueue.poll()Ljava/lang/ref/Reference; @ 4 c2
Event: 6.756 Thread 0x0000015f0ffbf490 DEOPT PACKING pc=0x0000015f21571790 sp=0x00000015dc6fd150
Event: 6.756 Thread 0x0000015f0ffbf490 DEOPT UNPACKING pc=0x0000015f20f846a2 sp=0x00000015dc6fd0e0 mode 2
Event: 6.762 Thread 0x0000015f0ffbf490 Uncommon trap: trap_request=0xffffff45 fr.pc=0x0000015f2151bcc8 relative=0x0000000000000088
Event: 6.762 Thread 0x0000015f0ffbf490 Uncommon trap: reason=unstable_if action=reinterpret pc=0x0000015f2151bcc8 method=sun.net.www.ParseUtil.firstEncodeIndex(Ljava/lang/String;)I @ 51 c2
Event: 6.762 Thread 0x0000015f0ffbf490 DEOPT PACKING pc=0x0000015f2151bcc8 sp=0x00000015dc6fce50
Event: 6.762 Thread 0x0000015f0ffbf490 DEOPT UNPACKING pc=0x0000015f20f846a2 sp=0x00000015dc6fcdd8 mode 2
Event: 6.804 Thread 0x0000015f0ffbf490 Uncommon trap: trap_request=0xffffff45 fr.pc=0x0000015f215e86e4 relative=0x00000000000039c4
Event: 6.804 Thread 0x0000015f0ffbf490 Uncommon trap: reason=unstable_if action=reinterpret pc=0x0000015f215e86e4 method=sun.net.www.protocol.jar.Handler.parseURL(Ljava/net/URL;Ljava/lang/String;II)V @ 116 c2
Event: 6.804 Thread 0x0000015f0ffbf490 DEOPT PACKING pc=0x0000015f215e86e4 sp=0x00000015dc6fcb00
Event: 6.805 Thread 0x0000015f0ffbf490 DEOPT UNPACKING pc=0x0000015f20f846a2 sp=0x00000015dc6fc9e8 mode 2
Event: 7.847 Thread 0x0000015f0ffbf490 Uncommon trap: trap_request=0xffffffc6 fr.pc=0x0000015f215d3b50 relative=0x0000000000000090
Event: 7.847 Thread 0x0000015f0ffbf490 Uncommon trap: reason=bimorphic_or_optimized_type_check action=maybe_recompile pc=0x0000015f215d3b50 method=com.google.inject.internal.LinkedBindingImpl.acceptTargetVisitor(Lcom/google/inject/spi/BindingTargetVisitor;)Ljava/lang/Object; @ 2 c2
Event: 7.847 Thread 0x0000015f0ffbf490 DEOPT PACKING pc=0x0000015f215d3b50 sp=0x00000015dc6fcfc0
Event: 7.847 Thread 0x0000015f0ffbf490 DEOPT UNPACKING pc=0x0000015f20f846a2 sp=0x00000015dc6fcf48 mode 2
Event: 7.847 Thread 0x0000015f0ffbf490 Uncommon trap: trap_request=0xffffffc6 fr.pc=0x0000015f215d3b50 relative=0x0000000000000090
Event: 7.847 Thread 0x0000015f0ffbf490 Uncommon trap: reason=bimorphic_or_optimized_type_check action=maybe_recompile pc=0x0000015f215d3b50 method=com.google.inject.internal.LinkedBindingImpl.acceptTargetVisitor(Lcom/google/inject/spi/BindingTargetVisitor;)Ljava/lang/Object; @ 2 c2
Event: 7.847 Thread 0x0000015f0ffbf490 DEOPT PACKING pc=0x0000015f215d3b50 sp=0x00000015dc6fcfc0
Event: 7.847 Thread 0x0000015f0ffbf490 DEOPT UNPACKING pc=0x0000015f20f846a2 sp=0x00000015dc6fcf48 mode 2

Classes loaded (20 events):
Event: 4.017 Loading class java/util/StringTokenizer
Event: 4.017 Loading class java/util/StringTokenizer done
Event: 4.030 Loading class sun/invoke/util/ValueConversions$1
Event: 4.030 Loading class sun/invoke/util/ValueConversions$1 done
Event: 4.031 Loading class java/lang/invoke/BoundMethodHandle$Species_LI
Event: 4.031 Loading class java/lang/invoke/BoundMethodHandle$Species_LI done
Event: 4.091 Loading class java/util/stream/Streams$RangeIntSpliterator
Event: 4.091 Loading class java/util/stream/Streams$RangeIntSpliterator done
Event: 5.439 Loading class java/util/stream/MatchOps$MatchKind
Event: 5.440 Loading class java/util/stream/MatchOps$MatchKind done
Event: 5.440 Loading class java/util/stream/MatchOps
Event: 5.440 Loading class java/util/stream/MatchOps done
Event: 5.440 Loading class java/util/stream/MatchOps$MatchOp
Event: 5.441 Loading class java/util/stream/MatchOps$MatchOp done
Event: 5.441 Loading class java/util/stream/MatchOps$BooleanTerminalSink
Event: 5.441 Loading class java/util/stream/MatchOps$BooleanTerminalSink done
Event: 5.441 Loading class java/util/stream/MatchOps$1MatchSink
Event: 5.442 Loading class java/util/stream/MatchOps$1MatchSink done
Event: 6.373 Loading class sun/nio/cs/ISO_8859_1$Decoder
Event: 6.373 Loading class sun/nio/cs/ISO_8859_1$Decoder done

Classes unloaded (0 events):
No events

Classes redefined (0 events):
No events

Internal exceptions (20 events):
Event: 3.601 Thread 0x0000015f0ffbf490 Exception <a 'java/lang/NoSuchMethodError'{0x000000008fb28348}: 'void java.lang.invoke.Invokers$Holder.invokeExact_MT(java.lang.Object, java.lang.Object, java.lang.Object, java.lang.Object)'> (0x000000008fb28348) 
thrown [s\open\src\hotspot\share\interpreter\linkResolver.cpp, line 773]
Event: 3.617 Thread 0x0000015f0ffbf490 Exception <a 'java/lang/NoClassDefFoundError'{0x000000008fbbc4f0}: com/google/inject/servlet/ServletModuleTargetVisitor> (0x000000008fbbc4f0) 
thrown [s\open\src\hotspot\share\classfile\systemDictionary.cpp, line 301]
Event: 3.737 Thread 0x0000015f0ffbf490 Exception <a 'java/lang/NoSuchMethodError'{0x000000008f8253e8}: 'java.lang.Object java.lang.invoke.DirectMethodHandle$Holder.invokeStaticInit(java.lang.Object, int, int, int, int)'> (0x000000008f8253e8) 
thrown [s\open\src\hotspot\share\interpreter\linkResolver.cpp, line 773]
Event: 3.865 Thread 0x0000015f0ffbf490 Implicit null exception at 0x0000015f21503624 to 0x0000015f21503c7c
Event: 3.866 Thread 0x0000015f0ffbf490 Implicit null exception at 0x0000015f214fdba0 to 0x0000015f214fe1ec
Event: 3.926 Thread 0x0000015f0ffbf490 Exception <a 'java/lang/NoSuchMethodError'{0x000000008f308868}: 'void java.lang.invoke.DirectMethodHandle$Holder.invokeSpecial(java.lang.Object, java.lang.Object, java.lang.Object, java.lang.Object, java.lang.Object)'> (0x000000008f308868) 
thrown [s\open\src\hotspot\share\interpreter\linkResolver.cpp, line 773]
Event: 3.931 Thread 0x0000015f0ffbf490 Exception <a 'java/lang/NoSuchMethodError'{0x000000008f322c60}: 'void java.lang.invoke.DirectMethodHandle$Holder.invokeSpecial(java.lang.Object, java.lang.Object, java.lang.Object, java.lang.Object, java.lang.Object, java.lang.Object)'> (0x000000008f322c60) 
thrown [s\open\src\hotspot\share\interpreter\linkResolver.cpp, line 773]
Event: 3.952 Thread 0x0000015f0ffbf490 Exception <a 'java/lang/NoSuchMethodError'{0x000000008f265858}: 'java.lang.Object java.lang.invoke.DirectMethodHandle$Holder.invokeVirtual(java.lang.Object, java.lang.Object, java.lang.Object)'> (0x000000008f265858) 
thrown [s\open\src\hotspot\share\interpreter\linkResolver.cpp, line 773]
Event: 4.029 Thread 0x0000015f0ffbf490 Exception <a 'java/lang/NoSuchMethodError'{0x000000008f04ae80}: 'void java.lang.invoke.DirectMethodHandle$Holder.invokeVirtual(java.lang.Object, java.lang.Object, int)'> (0x000000008f04ae80) 
thrown [s\open\src\hotspot\share\interpreter\linkResolver.cpp, line 773]
Event: 4.030 Thread 0x0000015f0ffbf490 Exception <a 'java/lang/NoSuchMethodError'{0x000000008f04efe8}: 'int java.lang.invoke.DirectMethodHandle$Holder.invokeSpecial(java.lang.Object, java.lang.Object, java.lang.Object, int)'> (0x000000008f04efe8) 
thrown [s\open\src\hotspot\share\interpreter\linkResolver.cpp, line 773]
Event: 4.033 Thread 0x0000015f0ffbf490 Exception <a 'java/lang/NoSuchMethodError'{0x000000008f0616d0}: 'java.lang.Object java.lang.invoke.DirectMethodHandle$Holder.invokeStatic(java.lang.Object, java.lang.Object, java.lang.Object, java.lang.Object, int)'> (0x000000008f0616d0) 
thrown [s\open\src\hotspot\share\interpreter\linkResolver.cpp, line 773]
Event: 4.034 Thread 0x0000015f0ffbf490 Exception <a 'java/lang/NoSuchMethodError'{0x000000008f0694d0}: 'void java.lang.invoke.DirectMethodHandle$Holder.invokeSpecial(java.lang.Object, java.lang.Object, java.lang.Object, int)'> (0x000000008f0694d0) 
thrown [s\open\src\hotspot\share\interpreter\linkResolver.cpp, line 773]
Event: 4.034 Thread 0x0000015f0ffbf490 Exception <a 'java/lang/NoSuchMethodError'{0x000000008f06cba0}: 'void java.lang.invoke.DelegatingMethodHandle$Holder.reinvoke_L(java.lang.Object, java.lang.Object, int)'> (0x000000008f06cba0) 
thrown [s\open\src\hotspot\share\interpreter\linkResolver.cpp, line 773]
Event: 5.556 Thread 0x0000015f0ffbf490 Implicit null exception at 0x0000015f21620230 to 0x0000015f2162158c
Event: 5.557 Thread 0x0000015f0ffbf490 Implicit null exception at 0x0000015f215a4598 to 0x0000015f215a4774
Event: 5.557 Thread 0x0000015f0ffbf490 Implicit null exception at 0x0000015f2160508d to 0x0000015f21605900
Event: 5.560 Thread 0x0000015f0ffbf490 Exception <a 'java/lang/NoSuchMethodError'{0x000000008d5d2770}: 'void java.lang.invoke.DirectMethodHandle$Holder.invokeStatic(java.lang.Object, java.lang.Object, java.lang.Object, java.lang.Object)'> (0x000000008d5d2770) 
thrown [s\open\src\hotspot\share\interpreter\linkResolver.cpp, line 773]
Event: 5.568 Thread 0x0000015f0ffbf490 Exception <a 'java/lang/NoSuchMethodError'{0x000000008d44ee30}: 'int java.lang.invoke.DirectMethodHandle$Holder.invokeSpecialIFC(java.lang.Object, java.lang.Object, java.lang.Object, java.lang.Object)'> (0x000000008d44ee30) 
thrown [s\open\src\hotspot\share\interpreter\linkResolver.cpp, line 773]
Event: 6.551 Thread 0x0000015f0ffbf490 Implicit null exception at 0x0000015f215c833d to 0x0000015f215c83c1
Event: 6.659 Thread 0x0000015f0ffbf490 Exception <a 'java/lang/NoSuchMethodError'{0x000000008e806fa0}: 'java.lang.Object java.lang.invoke.DirectMethodHandle$Holder.newInvokeSpecial(java.lang.Object, java.lang.Object, java.lang.Object, java.lang.Object, java.lang.Object, java.lang.Object, java.lang.Object)'> (0x000000008e806fa0) 
thrown [s\open\src\hotspot\share\interpreter\linkResolver.cpp, line 773]

ZGC Phase Switch (0 events):
No events

VM Operations (20 events):
Event: 3.820 Executing VM operation: HandshakeAllThreads (Deoptimize)
Event: 3.820 Executing VM operation: HandshakeAllThreads (Deoptimize) done
Event: 3.822 Executing VM operation: HandshakeAllThreads (Deoptimize)
Event: 3.822 Executing VM operation: HandshakeAllThreads (Deoptimize) done
Event: 3.970 Executing VM operation: ICBufferFull
Event: 3.970 Executing VM operation: ICBufferFull done
Event: 4.984 Executing VM operation: Cleanup
Event: 5.124 Executing VM operation: Cleanup done
Event: 5.563 Executing VM operation: ICBufferFull
Event: 5.563 Executing VM operation: ICBufferFull done
Event: 5.843 Executing VM operation: ICBufferFull
Event: 5.844 Executing VM operation: ICBufferFull done
Event: 5.908 Executing VM operation: G1CollectForAllocation (G1 Evacuation Pause)
Event: 5.928 Executing VM operation: G1CollectForAllocation (G1 Evacuation Pause) done
Event: 6.393 Executing VM operation: ICBufferFull
Event: 6.393 Executing VM operation: ICBufferFull done
Event: 6.756 Executing VM operation: ICBufferFull
Event: 6.756 Executing VM operation: ICBufferFull done
Event: 7.760 Executing VM operation: Cleanup
Event: 7.840 Executing VM operation: Cleanup done

Events (18 events):
Event: 0.025 Thread 0x0000015f0ffbf490 Thread added: 0x0000015f0ffbf490
Event: 0.038 Thread 0x0000015f2e8895a0 Thread added: 0x0000015f2e8895a0
Event: 0.038 Thread 0x0000015f2e889ff0 Thread added: 0x0000015f2e889ff0
Event: 0.039 Thread 0x0000015f2e88db20 Thread added: 0x0000015f2e88db20
Event: 0.039 Thread 0x0000015f2e88eab0 Thread added: 0x0000015f2e88eab0
Event: 0.039 Thread 0x0000015f2e88f630 Thread added: 0x0000015f2e88f630
Event: 0.039 Thread 0x0000015f2e89a6f0 Thread added: 0x0000015f2e89a6f0
Event: 0.039 Thread 0x0000015f2e8bb9e0 Thread added: 0x0000015f2e8bb9e0
Event: 0.039 Thread 0x0000015f2e8bcb60 Thread added: 0x0000015f2e8bcb60
Event: 0.056 Thread 0x0000015f2eb78140 Thread added: 0x0000015f2eb78140
Event: 0.059 Thread 0x0000015f2eb7e980 Thread added: 0x0000015f2eb7e980
Event: 0.303 Thread 0x0000015f740af1c0 Thread added: 0x0000015f740af1c0
Event: 0.313 Thread 0x0000015f740af1c0 Thread exited: 0x0000015f740af1c0
Event: 0.944 Thread 0x0000015f74721aa0 Thread added: 0x0000015f74721aa0
Event: 0.993 Thread 0x0000015f747fe3a0 Thread added: 0x0000015f747fe3a0
Event: 3.083 Thread 0x0000015f747fe3a0 Thread exited: 0x0000015f747fe3a0
Event: 3.771 Thread 0x0000015f74979680 Thread added: 0x0000015f74979680
Event: 5.128 Thread 0x0000015f75775480 Thread added: 0x0000015f75775480


Dynamic libraries:
0x00007ff6e54b0000 - 0x00007ff6e54c0000 	C:\Program Files\Java\jdk-21\bin\java.exe
0x00007ffc5bce0000 - 0x00007ffc5bf47000 	C:\WINDOWS\SYSTEM32\ntdll.dll
0x00007ffc59e10000 - 0x00007ffc59ed9000 	C:\WINDOWS\System32\KERNEL32.DLL
0x00007ffc58e60000 - 0x00007ffc5924f000 	C:\WINDOWS\System32\KERNELBASE.dll
0x00007ffc59550000 - 0x00007ffc5969b000 	C:\WINDOWS\System32\ucrtbase.dll
0x00007ffc48480000 - 0x00007ffc4849b000 	C:\Program Files\Java\jdk-21\bin\VCRUNTIME140.dll
0x00007ffc13f90000 - 0x00007ffc13fa9000 	C:\Program Files\Java\jdk-21\bin\jli.dll
0x00007ffc59ef0000 - 0x00007ffc59fa4000 	C:\WINDOWS\System32\ADVAPI32.dll
0x00007ffc5adc0000 - 0x00007ffc5ae69000 	C:\WINDOWS\System32\msvcrt.dll
0x00007ffc5a030000 - 0x00007ffc5a0d6000 	C:\WINDOWS\System32\sechost.dll
0x00007ffc5ae70000 - 0x00007ffc5af88000 	C:\WINDOWS\System32\RPCRT4.dll
0x00007ffc5b000000 - 0x00007ffc5b1c5000 	C:\WINDOWS\System32\USER32.dll
0x00007ffc58e30000 - 0x00007ffc58e57000 	C:\WINDOWS\System32\win32u.dll
0x00007ffc58070000 - 0x00007ffc58303000 	C:\WINDOWS\WinSxS\amd64_microsoft.windows.common-controls_6595b64144ccf1df_6.0.26100.7309_none_3e05feeae336a044\COMCTL32.dll
0x00007ffc5a640000 - 0x00007ffc5a66b000 	C:\WINDOWS\System32\GDI32.dll
0x00007ffc596a0000 - 0x00007ffc597cc000 	C:\WINDOWS\System32\gdi32full.dll
0x00007ffc599d0000 - 0x00007ffc59a73000 	C:\WINDOWS\System32\msvcp_win.dll
0x00007ffc509d0000 - 0x00007ffc509db000 	C:\WINDOWS\SYSTEM32\VERSION.dll
0x00007ffc5a7f0000 - 0x00007ffc5a821000 	C:\WINDOWS\System32\IMM32.DLL
0x00007ffc295b0000 - 0x00007ffc295bc000 	C:\Program Files\Java\jdk-21\bin\vcruntime140_1.dll
0x00007ffc049e0000 - 0x00007ffc04a6e000 	C:\Program Files\Java\jdk-21\bin\msvcp140.dll
0x00007ffba57b0000 - 0x00007ffba64cd000 	C:\Program Files\Java\jdk-21\bin\server\jvm.dll
0x00007ffc5a770000 - 0x00007ffc5a7e4000 	C:\WINDOWS\System32\WS2_32.dll
0x00007ffc58c90000 - 0x00007ffc58cee000 	C:\WINDOWS\SYSTEM32\POWRPROF.dll
0x00007ffc4deb0000 - 0x00007ffc4dee5000 	C:\WINDOWS\SYSTEM32\WINMM.dll
0x00007ffc58c70000 - 0x00007ffc58c84000 	C:\WINDOWS\SYSTEM32\UMPDC.dll
0x00007ffc572b0000 - 0x00007ffc572cb000 	C:\WINDOWS\SYSTEM32\kernel.appcore.dll
0x00007ffc28750000 - 0x00007ffc2875a000 	C:\Program Files\Java\jdk-21\bin\jimage.dll
0x00007ffc585e0000 - 0x00007ffc58822000 	C:\WINDOWS\SYSTEM32\DBGHELP.DLL
0x00007ffc59a80000 - 0x00007ffc59e06000 	C:\WINDOWS\System32\combase.dll
0x00007ffc5a670000 - 0x00007ffc5a746000 	C:\WINDOWS\System32\OLEAUT32.dll
0x00007ffc584d0000 - 0x00007ffc5850c000 	C:\WINDOWS\SYSTEM32\dbgcore.DLL
0x00007ffc59260000 - 0x00007ffc59305000 	C:\WINDOWS\System32\bcryptPrimitives.dll
0x00007ffc0fe60000 - 0x00007ffc0fe7f000 	C:\Program Files\Java\jdk-21\bin\java.dll
0x00007ffc5b3f0000 - 0x00007ffc5bb43000 	C:\WINDOWS\System32\SHELL32.dll
0x00007ffc59860000 - 0x00007ffc599ca000 	C:\WINDOWS\System32\wintypes.dll
0x00007ffc55f90000 - 0x00007ffc567ee000 	C:\WINDOWS\SYSTEM32\windows.storage.dll
0x00007ffc5a830000 - 0x00007ffc5a925000 	C:\WINDOWS\System32\SHCORE.dll
0x00007ffc5af90000 - 0x00007ffc5aff6000 	C:\WINDOWS\System32\shlwapi.dll
0x00007ffc58d50000 - 0x00007ffc58d79000 	C:\WINDOWS\SYSTEM32\profapi.dll
0x00007ffc04870000 - 0x00007ffc04947000 	C:\Program Files\Java\jdk-21\bin\jsvml.dll
0x00007ffc27d70000 - 0x00007ffc27d80000 	C:\Program Files\Java\jdk-21\bin\net.dll
0x00007ffc50800000 - 0x00007ffc50928000 	C:\WINDOWS\SYSTEM32\WINHTTP.dll
0x00007ffc57820000 - 0x00007ffc5788b000 	C:\WINDOWS\system32\mswsock.dll
0x00007ffc04850000 - 0x00007ffc04866000 	C:\Program Files\Java\jdk-21\bin\nio.dll
0x00007ffc04830000 - 0x00007ffc04848000 	C:\Program Files\Java\jdk-21\bin\zip.dll
0x00007ffc044a0000 - 0x00007ffc044c4000 	C:\Users\ASUS\.m2\wrapper\dists\apache-maven-3.9.12\59fe215c0ad6947fea90184bf7add084544567b927287592651fda3782e0e798\lib\jansi-native\Windows\x86_64\jansi.dll
0x00007ffc27bb0000 - 0x00007ffc27bc0000 	C:\Program Files\Java\jdk-21\bin\verify.dll

dbghelp: loaded successfully - version: 4.0.5 - missing functions: none
symbol engine: initialized successfully - sym options: 0x614 - pdb path: .;C:\Program Files\Java\jdk-21\bin;C:\WINDOWS\SYSTEM32;C:\WINDOWS\WinSxS\amd64_microsoft.windows.common-controls_6595b64144ccf1df_6.0.26100.7309_none_3e05feeae336a044;C:\Program Files\Java\jdk-21\bin\server;C:\Users\ASUS\.m2\wrapper\dists\apache-maven-3.9.12\59fe215c0ad6947fea90184bf7add084544567b927287592651fda3782e0e798\lib\jansi-native\Windows\x86_64

VM Arguments:
jvm_args: --enable-native-access=ALL-UNNAMED -Dclassworlds.conf=C:\Users\ASUS\.m2\wrapper\dists\apache-maven-3.9.12\59fe215c0ad6947fea90184bf7add084544567b927287592651fda3782e0e798\bin\m2.conf -Dmaven.home=C:\Users\ASUS\.m2\wrapper\dists\apache-maven-3.9.12\59fe215c0ad6947fea90184bf7add084544567b927287592651fda3782e0e798 -Dlibrary.jansi.path=C:\Users\ASUS\.m2\wrapper\dists\apache-maven-3.9.12\59fe215c0ad6947fea90184bf7add084544567b927287592651fda3782e0e798\lib\jansi-native -Dmaven.multiModuleProjectDirectory=D:\movie\project\FreeLanceHub\FreeLanceHub_Backend\FreeLanceHub 
java_command: org.codehaus.plexus.classworlds.launcher.Launcher spring-boot:run
java_class_path (initial): C:\Users\ASUS\.m2\wrapper\dists\apache-maven-3.9.12\59fe215c0ad6947fea90184bf7add084544567b927287592651fda3782e0e798\boot\plexus-classworlds-2.9.0.jar
Launcher Type: SUN_STANDARD

[Global flags]
     intx CICompilerCount                          = 4                                         {product} {ergonomic}
     uint ConcGCThreads                            = 3                                         {product} {ergonomic}
     uint G1ConcRefinementThreads                  = 10                                        {product} {ergonomic}
   size_t G1HeapRegionSize                         = 1048576                                   {product} {ergonomic}
    uintx GCDrainStackTargetSize                   = 64                                        {product} {ergonomic}
   size_t InitialHeapSize                          = 125829120                                 {product} {ergonomic}
   size_t MarkStackSize                            = 4194304                                   {product} {ergonomic}
   size_t MaxHeapSize                              = 1992294400                                {product} {ergonomic}
   size_t MaxNewSize                               = 1195376640                                {product} {ergonomic}
   size_t MinHeapDeltaBytes                        = 1048576                                   {product} {ergonomic}
   size_t MinHeapSize                              = 8388608                                   {product} {ergonomic}
    uintx NonNMethodCodeHeapSize                   = 5839372                                {pd product} {ergonomic}
    uintx NonProfiledCodeHeapSize                  = 122909434                              {pd product} {ergonomic}
    uintx ProfiledCodeHeapSize                     = 122909434                              {pd product} {ergonomic}
    uintx ReservedCodeCacheSize                    = 251658240                              {pd product} {ergonomic}
     bool SegmentedCodeCache                       = true                                      {product} {ergonomic}
   size_t SoftMaxHeapSize                          = 1992294400                             {manageable} {ergonomic}
     bool UseCompressedOops                        = true                           {product lp64_product} {ergonomic}
     bool UseG1GC                                  = true                                      {product} {ergonomic}
     bool UseLargePagesIndividualAllocation        = false                                  {pd product} {ergonomic}

Logging:
Log output configuration:
 #0: stdout all=warning uptime,level,tags foldmultilines=false
 #1: stderr all=off uptime,level,tags foldmultilines=false

Environment Variables:
JAVA_HOME=C:\Program Files\Java\jdk-21
PATH=C:\Program Files\Common Files\Oracle\Java\javapath;C:\ffmpeg\bin;C:\Program Files (x86)\Common Files\Oracle\Java\javapath;C:\app\ASUS\product\18.0.0\dbhomeXE\bin;C:\Windows\system32;C:\Windows;C:\Windows\System32\Wbem;C:\Windows\System32\WindowsPowerShell\v1.0\;C:\Windows\System32\OpenSSH\;C:\Program Files (x86)\NVIDIA Corporation\PhysX\Common;C:\Program Files\NVIDIA Corporation\NVIDIA NvDLISR;C:\WINDOWS\system32;C:\WINDOWS;C:\WINDOWS\System32\Wbem;C:\WINDOWS\System32\WindowsPowerShell\v1.0\;C:\WINDOWS\System32\OpenSSH\;C:\Program Files (x86)\Microsoft SQL Server\160\Tools\Binn\;C:\Program Files\Microsoft SQL Server\160\Tools\Binn\;C:\Program Files\Microsoft SQL Server\Client SDK\ODBC\170\Tools\Binn\;C:\Program Files\Microsoft SQL Server\160\DTS\Binn\;C:\Program Files\Git\cmd;C:\Program Files\TortoiseGit\bin;C:\MinGW\bin;C:\Program Files\Java\jdk1.8.0_301\bin;C:\Program Files\Java\jre1.8.0_301\bin;C:\Program Files\nodejs\;C:\ProgramData\chocolatey\bin;C:\Program Files\MongoDB\Server\7.0\bin;;C:\Program Files\Docker\Docker\resources\bin;C:\Program Files\MySQL\MySQL Shell 8.0\bin\;C:\Users\ASUS\AppData\Local\Microsoft\WindowsApps;C:\Users\ASUS\AppData\Local\GitHubDesktop\bin;C:\Users\ASUS\AppData\Local\Programs\Microsoft VS Code\bin;C:\ffmpeg\bin;C:\Users\ASUS\AppData\Roaming\npm;C:\Program Files\MongoDB\Server\7.0\bin;C:\Users\ASUS\AppData\Local\Programs\mongosh\;C:\ProgramData\ASUS\GitHubDesktop\bin;C:\Program Files\Java\jdk-17\bin;C:\Users\ASUS\AppData\Local\Programs\Antigravity\bin
USERNAME=ASUS
LANG=en_US.UTF-8
OS=Windows_NT
PROCESSOR_IDENTIFIER=AMD64 Family 23 Model 96 Stepping 1, AuthenticAMD
TMP=C:\Users\ASUS\AppData\Local\Temp
TEMP=C:\Users\ASUS\AppData\Local\Temp




Periodic native trim disabled

---------------  S Y S T E M  ---------------

OS:
 Windows 11 , 64 bit Build 26100 (10.0.26100.7623)
OS uptime: 4 days 13:46 hours
Hyper-V role detected

CPU: total 12 (initial active 12) (12 cores per cpu, 2 threads per core) family 23 model 96 stepping 1 microcode 0x8600106, cx8, cmov, fxsr, ht, mmx, 3dnowpref, sse, sse2, sse3, ssse3, sse4a, sse4.1, sse4.2, popcnt, lzcnt, tsc, tscinvbit, avx, avx2, aes, clmul, bmi1, bmi2, adx, sha, fma, vzeroupper, clflush, clflushopt, hv, rdtscp, rdpid, f16c
Processor Information for all 12 processors :
  Max Mhz: 3001, Current Mhz: 3001, Mhz Limit: 3001

Memory: 4k page, system-wide physical 7598M (610M free)
TotalPageFile size 31150M (AvailPageFile size 5M)
current process WorkingSet (physical memory assigned to process): 185M, peak: 188M
current process commit charge ("private bytes"): 263M, peak: 265M

vm_info: Java HotSpot(TM) 64-Bit Server VM (21.0.8+12-LTS-250) for windows-amd64 JRE (21.0.8+12-LTS-250), built on 2025-06-27T08:11:22Z by "mach5one" with MS VC++ 17.6 (VS2022)

END.
